ARM Linker, 5.03 [Build 76] [MDK-ARM Lite]

==============================================================================

Section Cross References

    adc.o(.text) refers to dflt_clz.o(x$fpl$dfltu) for __aeabi_ui2d
    adc.o(.text) refers to dmul.o(x$fpl$dmul) for __aeabi_dmul
    adc.o(.text) refers to ddiv.o(x$fpl$ddiv) for __aeabi_ddiv
    adc.o(.text) refers to d2f.o(x$fpl$d2f) for __aeabi_d2f
    adc.o(.text) refers to fdiv.o(x$fpl$fdiv) for __aeabi_fdiv
    adc.o(.text) refers to faddsub_clz.o(x$fpl$fsub) for __aeabi_fsub
    crc16.o(.text) refers to crc16.o(.data) for auchCRCHi
    etr.o(.text) refers to etr.o(.data) for TIM1_impulse
    main.o(.text) refers to rcc.o(.text) for RCC_init
    main.o(.text) refers to afio.o(.text) for AFIO_init
    main.o(.text) refers to gpio.o(.text) for GPIO_init
    main.o(.text) refers to usart.o(.text) for USART1_init
    main.o(.text) refers to tim.o(.text) for TIM3_init
    main.o(.text) refers to dma.o(.text) for DMA_init
    main.o(.text) refers to adc.o(.text) for ADC_init
    main.o(.text) refers to iwdg.o(.text) for IWDG_init
    main.o(.text) refers to modbusrtu.o(.text) for ModbusRTU_init
    main.o(.text) refers to oven.o(.text) for OVEN_init
    main.o(.text) refers to flash.o(.text) for FLASH_unlock
    main.o(.text) refers to fdiv.o(x$fpl$fdiv) for __aeabi_fdiv
    main.o(.text) refers to f2d.o(x$fpl$f2d) for __aeabi_f2d
    main.o(.text) refers to dmul.o(x$fpl$dmul) for __aeabi_dmul
    main.o(.text) refers to d2f.o(x$fpl$d2f) for __aeabi_d2f
    main.o(.text) refers to main.o(.data) for ADC_VALUE_Chanel
    main.o(.text) refers to main.o(.bss) for INPUT
    main.o(.text) refers to fleqf.o(x$fpl$fleqf) for __aeabi_cfcmple
    main.o(.text) refers to frleqf.o(x$fpl$frleqf) for __aeabi_cfrcmple
    modbusrtu.o(.text) refers to crc16.o(.text) for CRC16
    modbusrtu.o(.text) refers to modbusrtu.o(.data) for buff_hol_reg
    usart.o(.text) refers to usart.o(.data) for U1_len_pack_in
    usart.o(.text) refers to usart.o(.bss) for USART1_PACK_in
    pt100.o(.text) refers to f2d.o(x$fpl$f2d) for __aeabi_f2d
    pt100.o(.text) refers to dmul.o(x$fpl$dmul) for __aeabi_dmul
    pt100.o(.text) refers to daddsub_clz.o(x$fpl$drsb) for __aeabi_drsub
    pt100.o(.text) refers to sqrt.o(i.sqrt) for sqrt
    pt100.o(.text) refers to d2f.o(x$fpl$d2f) for __aeabi_d2f
    oven.o(.text) refers to dflt_clz.o(x$fpl$dfltu) for __aeabi_ui2d
    oven.o(.text) refers to fflt_clz.o(x$fpl$ffltu) for __aeabi_ui2f
    oven.o(.text) refers to faddsub_clz.o(x$fpl$fadd) for __aeabi_fadd
    oven.o(.text) refers to pow.o(i.pow) for pow
    oven.o(.text) refers to d2f.o(x$fpl$d2f) for __aeabi_d2f
    oven.o(.text) refers to fmul.o(x$fpl$fmul) for __aeabi_fmul
    oven.o(.text) refers to toupper.o(.text) for toupper
    oven.o(.text) refers to oven.o(.bss) for v
    oven.o(.text) refers to oven.o(.data) for crc
    startup_stm32f100xe.o(STACK) refers (Special) to heapauxi.o(.text) for __use_two_region_memory
    startup_stm32f100xe.o(HEAP) refers (Special) to heapauxi.o(.text) for __use_two_region_memory
    startup_stm32f100xe.o(RESET) refers (Special) to heapauxi.o(.text) for __use_two_region_memory
    startup_stm32f100xe.o(RESET) refers to startup_stm32f100xe.o(STACK) for __initial_sp
    startup_stm32f100xe.o(RESET) refers to startup_stm32f100xe.o(.text) for Reset_Handler
    startup_stm32f100xe.o(RESET) refers to main.o(.text) for SysTick_Handler
    startup_stm32f100xe.o(RESET) refers to etr.o(.text) for TIM4_IRQHandler
    startup_stm32f100xe.o(RESET) refers to usart.o(.text) for USART1_IRQHandler
    startup_stm32f100xe.o(.text) refers (Special) to heapauxi.o(.text) for __use_two_region_memory
    startup_stm32f100xe.o(.text) refers to system_stm32f1xx.o(.text) for SystemInit
    startup_stm32f100xe.o(.text) refers to __main.o(!!!main) for __main
    startup_stm32f100xe.o(.text) refers to startup_stm32f100xe.o(HEAP) for Heap_Mem
    startup_stm32f100xe.o(.text) refers to startup_stm32f100xe.o(STACK) for Stack_Mem
    system_stm32f1xx.o(.text) refers to system_stm32f1xx.o(.data) for SystemCoreClock
    system_stm32f1xx.o(.text) refers to system_stm32f1xx.o(.constdata) for AHBPrescTable
    toupper.o(.text) refers to rt_ctype_table.o(.text) for __rt_ctype_table
    __main.o(!!!main) refers to rtentry.o(.ARM.Collect$$rtentry$$00000000) for __rt_entry
    d2f.o(x$fpl$d2f) refers (Special) to usenofp.o(x$fpl$usenofp) for __I$use$fp
    d2f.o(x$fpl$d2f) refers to fretinf.o(x$fpl$fretinf) for __fpl_fretinf
    d2f.o(x$fpl$d2f) refers to dnaninf.o(x$fpl$dnaninf) for __fpl_dnaninf
    daddsub_clz.o(x$fpl$dadd) refers (Special) to usenofp.o(x$fpl$usenofp) for __I$use$fp
    daddsub_clz.o(x$fpl$dadd) refers to daddsub_clz.o(x$fpl$dsub) for _dsub1
    daddsub_clz.o(x$fpl$dadd) refers to dretinf.o(x$fpl$dretinf) for __fpl_dretinf
    daddsub_clz.o(x$fpl$dadd) refers to dnaninf.o(x$fpl$dnaninf) for __fpl_dnaninf
[...]
    libinit.o(.ARM.Collect$$libinit$$00000000) refers (Special) to libinit2.o(.ARM.Collect$$libinit$$0000002E) for __rt_lib_init_exceptions_1
    libinit.o(.ARM.Collect$$libinit$$00000000) refers (Special) to libinit2.o(.ARM.Collect$$libinit$$00000002) for __rt_lib_init_fp_1
    libinit.o(.ARM.Collect$$libinit$$00000000) refers (Special) to libinit2.o(.ARM.Collect$$libinit$$0000001D) for __rt_lib_init_fp_trap_1
    libinit.o(.ARM.Collect$$libinit$$00000000) refers (Special) to libinit2.o(.ARM.Collect$$libinit$$00000021) for __rt_lib_init_getenv_1
    libinit.o(.ARM.Collect$$libinit$$00000000) refers (Special) to libinit2.o(.ARM.Collect$$libinit$$00000008) for __rt_lib_init_heap_1
    libinit.o(.ARM.Collect$$libinit$$00000000) refers (Special) to libinit2.o(.ARM.Collect$$libinit$$0000000F) for __rt_lib_init_lc_collate_1
    libinit.o(.ARM.Collect$$libinit$$00000000) refers (Special) to libinit2.o(.ARM.Collect$$libinit$$00000011) for __rt_lib_init_lc_ctype_1
    libinit.o(.ARM.Collect$$libinit$$00000000) refers (Special) to libinit2.o(.ARM.Collect$$libinit$$00000013) for __rt_lib_init_lc_monetary_1
    libinit.o(.ARM.Collect$$libinit$$00000000) refers (Special) to libinit2.o(.ARM.Collect$$libinit$$00000015) for __rt_lib_init_lc_numeric_1
    libinit.o(.ARM.Collect$$libinit$$00000000) refers (Special) to libinit2.o(.ARM.Collect$$libinit$$00000017) for __rt_lib_init_lc_time_1
    libinit.o(.ARM.Collect$$libinit$$00000000) refers (Special) to libinit2.o(.ARM.Collect$$libinit$$0000000C) for __rt_lib_init_rand_1
    libinit.o(.ARM.Collect$$libinit$$00000000) refers (Special) to libinit2.o(.ARM.Collect$$libinit$$00000031) for __rt_lib_init_return
    libinit.o(.ARM.Collect$$libinit$$00000000) refers (Special) to libinit2.o(.ARM.Collect$$libinit$$0000001B) for __rt_lib_init_signal_1
    libinit.o(.ARM.Collect$$libinit$$00000000) refers (Special) to libinit2.o(.ARM.Collect$$libinit$$00000023) for __rt_lib_init_stdio_1
    libinit.o(.ARM.Collect$$libinit$$00000000) refers (Special) to libinit2.o(.ARM.Collect$$libinit$$0000000A) for __rt_lib_init_user_alloc_1
    libinit2.o(.ARM.Collect$$libinit$$0000000D) refers (Weak) to rt_locale_intlibspace.o(.text) for __rt_locale
    libinit2.o(.ARM.Collect$$libinit$$0000000E) refers to libinit2.o(.ARM.Collect$$libinit$$0000000D) for .ARM.Collect$$libinit$$0000000D
    libinit2.o(.ARM.Collect$$libinit$$00000010) refers to libinit2.o(.ARM.Collect$$libinit$$0000000D) for .ARM.Collect$$libinit$$0000000D
    libinit2.o(.ARM.Collect$$libinit$$00000010) refers (Weak) to lc_ctype_c.o(locale$$code) for _get_lc_ctype
    libinit2.o(.ARM.Collect$$libinit$$00000012) refers to libinit2.o(.ARM.Collect$$libinit$$0000000D) for .ARM.Collect$$libinit$$0000000D
    libinit2.o(.ARM.Collect$$libinit$$00000014) refers to libinit2.o(.ARM.Collect$$libinit$$0000000D) for .ARM.Collect$$libinit$$0000000D
    libinit2.o(.ARM.Collect$$libinit$$00000016) refers to libinit2.o(.ARM.Collect$$libinit$$0000000D) for .ARM.Collect$$libinit$$0000000D
    libinit2.o(.ARM.Collect$$libinit$$00000024) refers to argv_veneer.o(.emb_text) for __ARM_argv_veneer
    libinit2.o(.ARM.Collect$$libinit$$00000025) refers to argv_veneer.o(.emb_text) for __ARM_argv_veneer
    retnan.o(x$fpl$retnan) refers (Special) to usenofp.o(x$fpl$usenofp) for __I$use$fp
    retnan.o(x$fpl$retnan) refers to trapv.o(x$fpl$trapveneer) for __fpl_cmpreturn
    rtexit.o(.ARM.Collect$$rtexit$$00000000) refers (Special) to rtexit2.o(.ARM.Collect$$rtexit$$00000004) for __rt_exit_exit
    rtexit.o(.ARM.Collect$$rtexit$$00000000) refers (Special) to rtexit2.o(.ARM.Collect$$rtexit$$00000003) for __rt_exit_ls
    rtexit.o(.ARM.Collect$$rtexit$$00000000) refers (Special) to rtexit2.o(.ARM.Collect$$rtexit$$00000002) for __rt_exit_prels_1
    rtexit.o(.ARM.exidx) refers (Special) to rtexit2.o(.ARM.Collect$$rtexit$$00000004) for __rt_exit_exit
    rtexit.o(.ARM.exidx) refers (Special) to rtexit2.o(.ARM.Collect$$rtexit$$00000003) for __rt_exit_ls
    rtexit.o(.ARM.exidx) refers (Special) to rtexit2.o(.ARM.Collect$$rtexit$$00000002) for __rt_exit_prels_1
    rtexit.o(.ARM.exidx) refers to rtexit.o(.ARM.Collect$$rtexit$$00000000) for .ARM.Collect$$rtexit$$00000000
    argv_veneer.o(.emb_text) refers to no_argv.o(.text) for __ARM_get_argv
    trapv.o(x$fpl$trapveneer) refers (Special) to usenofp.o(x$fpl$usenofp) for __I$use$fp
    rtexit2.o(.ARM.Collect$$rtexit$$00000003) refers to libshutdown.o(.ARM.Collect$$libshutdown$$00000000) for __rt_lib_shutdown
    rtexit2.o(.ARM.Collect$$rtexit$$00000004) refers to sys_exit.o(.text) for _sys_exit
    rtexit2.o(.ARM.exidx) refers to rtexit2.o(.ARM.Collect$$rtexit$$00000001) for .ARM.Collect$$rtexit$$00000001
    rtexit2.o(.ARM.exidx) refers to rtexit2.o(.ARM.Collect$$rtexit$$00000003) for .ARM.Collect$$rtexit$$00000003
    rtexit2.o(.ARM.exidx) refers to rtexit2.o(.ARM.Collect$$rtexit$$00000004) for .ARM.Collect$$rtexit$$00000004
    _get_argv_nomalloc.o(.text) refers (Special) to hrguard.o(.text) for __heap_region$guard
    _get_argv_nomalloc.o(.text) refers to defsig_rtmem_outer.o(.text) for __rt_SIGRTMEM
    _get_argv_nomalloc.o(.text) refers to sys_command.o(.text) for _sys_command_string
    sys_command.o(.text) refers (Special) to use_no_semi.o(.text) for __I$use$semihosting
    sys_command.o(.text) refers (Special) to indicate_semi.o(.text) for __semihosting_library_function
    sys_exit.o(.text) refers (Special) to use_no_semi.o(.text) for __I$use$semihosting
    sys_exit.o(.text) refers (Special) to indicate_semi.o(.text) for __semihosting_library_function
    defsig_rtmem_outer.o(.text) refers to defsig_rtmem_inner.o(.text) for __rt_SIGRTMEM_inner
    defsig_rtmem_outer.o(.text) refers to defsig_exit.o(.text) for __sig_exit
    defsig_rtmem_formal.o(.text) refers to rt_raise.o(.text) for __rt_raise
    libshutdown.o(.ARM.Collect$$libshutdown$$00000000) refers (Special) to libshutdown2.o(.ARM.Collect$$libshutdown$$00000006) for __rt_lib_shutdown_fp_trap_1
    libshutdown.o(.ARM.Collect$$libshutdown$$00000000) refers (Special) to libshutdown2.o(.ARM.Collect$$libshutdown$$0000000E) for __rt_lib_shutdown_heap_1
    libshutdown.o(.ARM.Collect$$libshutdown$$00000000) refers (Special) to libshutdown2.o(.ARM.Collect$$libshutdown$$0000000F) for __rt_lib_shutdown_return
    libshutdown.o(.ARM.Collect$$libshutdown$$00000000) refers (Special) to libshutdown2.o(.ARM.Collect$$libshutdown$$00000009) for __rt_lib_shutdown_signal_1
    libshutdown.o(.ARM.Collect$$libshutdown$$00000000) refers (Special) to libshutdown2.o(.ARM.Collect$$libshutdown$$00000003) for __rt_lib_shutdown_stdio_1
    libshutdown.o(.ARM.Collect$$libshutdown$$00000000) refers (Special) to libshutdown2.o(.ARM.Collect$$libshutdown$$0000000B) for __rt_lib_shutdown_user_alloc_1
    rt_raise.o(.text) refers to __raise.o(.text) for __raise
    rt_raise.o(.text) refers to sys_exit.o(.text) for _sys_exit
    defsig_exit.o(.text) refers to sys_exit.o(.text) for _sys_exit
    defsig_rtmem_inner.o(.text) refers to defsig_general.o(.text) for __default_signal_display
    __raise.o(.text) refers to defsig.o(CL$$defsig) for __default_signal_handler
    defsig_general.o(.text) refers to sys_wrch.o(.text) for _ttywrch
    sys_wrch.o(.text) refers (Special) to use_no_semi.o(.text) for __I$use$semihosting
    sys_wrch.o(.text) refers (Special) to indicate_semi.o(.text) for __semihosting_library_function
    defsig.o(CL$$defsig) refers to defsig_rtmem_inner.o(.text) for __rt_SIGRTMEM_inner
    defsig_abrt_inner.o(.text) refers to defsig_general.o(.text) for __default_signal_display
    defsig_fpe_inner.o(.text) refers to defsig_general.o(.text) for __default_signal_display
    defsig_rtred_inner.o(.text) refers to defsig_general.o(.text) for __default_signal_display
    defsig_stak_inner.o(.text) refers to defsig_general.o(.text) for __default_signal_display
    defsig_pvfn_inner.o(.text) refers to defsig_general.o(.text) for __default_signal_display
    defsig_cppl_inner.o(.text) refers to defsig_general.o(.text) for __default_signal_display
    defsig_segv_inner.o(.text) refers to defsig_general.o(.text) for __default_signal_display
    defsig_other.o(.text) refers to defsig_general.o(.text) for __default_signal_display


==============================================================================

Removing Unused input sections from the image.

    Removing adc.o(.rev16_text), (4 bytes).
    Removing adc.o(.revsh_text), (4 bytes).
    Removing afio.o(.rev16_text), (4 bytes).
    Removing afio.o(.revsh_text), (4 bytes).
    Removing crc16.o(.rev16_text), (4 bytes).
    Removing crc16.o(.revsh_text), (4 bytes).
    Removing dma.o(.rev16_text), (4 bytes).
    Removing dma.o(.revsh_text), (4 bytes).
    Removing etr.o(.rev16_text), (4 bytes).
    Removing etr.o(.revsh_text), (4 bytes).
    Removing exti.o(.rev16_text), (4 bytes).
    Removing exti.o(.revsh_text), (4 bytes).
    Removing exti.o(.text), (124 bytes).
    Removing flash.o(.rev16_text), (4 bytes).
    Removing flash.o(.revsh_text), (4 bytes).
    Removing gpio.o(.rev16_text), (4 bytes).
    Removing gpio.o(.revsh_text), (4 bytes).
    Removing iwdg.o(.rev16_text), (4 bytes).
    Removing iwdg.o(.revsh_text), (4 bytes).
    Removing main.o(.rev16_text), (4 bytes).
    Removing main.o(.revsh_text), (4 bytes).
    Removing modbusrtu.o(.rev16_text), (4 bytes).
    Removing modbusrtu.o(.revsh_text), (4 bytes).
    Removing rcc.o(.rev16_text), (4 bytes).
    Removing rcc.o(.revsh_text), (4 bytes).
    Removing tim.o(.rev16_text), (4 bytes).
    Removing tim.o(.revsh_text), (4 bytes).
    Removing usart.o(.rev16_text), (4 bytes).
    Removing usart.o(.revsh_text), (4 bytes).
    Removing pt100.o(.rev16_text), (4 bytes).
    Removing pt100.o(.revsh_text), (4 bytes).
    Removing pt100.o(.text), (112 bytes).
    Removing oven.o(.rev16_text), (4 bytes).
    Removing oven.o(.revsh_text), (4 bytes).
    Removing system_stm32f1xx.o(.rev16_text), (4 bytes).
    Removing system_stm32f1xx.o(.revsh_text), (4 bytes).

36 unused section(s) (total 372 bytes) removed from the image.

==============================================================================

Image Symbol Table

    Local Symbols

    Symbol Name                              Value     Ov Type        Size  Object(Section)

    ../clib/angel/boardlib.s                 0x00000000   Number         0  boardshut.o ABSOLUTE
    ../clib/angel/boardlib.s                 0x00000000   Number         0  boardinit3.o ABSOLUTE
    ../clib/angel/boardlib.s                 0x00000000   Number         0  boardinit2.o ABSOLUTE
    ../clib/angel/boardlib.s                 0x00000000   Number         0  boardinit1.o ABSOLUTE
    ../clib/angel/dczerorl2.s                0x00000000   Number         0  __dczerorl2.o ABSOLUTE
    ../clib/angel/handlers.s                 0x00000000   Number         0  __scatter_zi.o ABSOLUTE
    ../clib/angel/kernel.s                   0x00000000   Number         0  rtentry4.o ABSOLUTE
    ../clib/angel/kernel.s                   0x00000000   Number         0  rtentry2.o ABSOLUTE
    ../clib/angel/kernel.s                   0x00000000   Number         0  rtexit2.o ABSOLUTE
    ../clib/angel/kernel.s                   0x00000000   Number         0  rtexit.o ABSOLUTE
    ../clib/angel/kernel.s                   0x00000000   Number         0  rtentry.o ABSOLUTE
    ../clib/angel/rt.s                       0x00000000   Number         0  rt_ctype_table.o ABSOLUTE
    ../clib/angel/rt.s                       0x00000000   Number         0  rt_errno_addr.o ABSOLUTE
    ../clib/angel/rt.s                       0x00000000   Number         0  rt_locale_intlibspace.o ABSOLUTE
    ../clib/angel/rt.s                       0x00000000   Number         0  rt_locale.o ABSOLUTE
    ../clib/angel/rt.s                       0x00000000   Number         0  rt_raise.o ABSOLUTE
    ../clib/angel/rt.s                       0x00000000   Number         0  rt_errno_addr_intlibspace.o ABSOLUTE
    ../clib/angel/scatter.s                  0x00000000   Number         0  __scatter.o ABSOLUTE
    ../clib/angel/startup.s                  0x00000000   Number         0  __main.o ABSOLUTE
    ../clib/angel/sys.s                      0x00000000   Number         0  use_no_semi.o ABSOLUTE
    ../clib/angel/sys.s                      0x00000000   Number         0  sys_stackheap_outer.o ABSOLUTE
    ../clib/angel/sys.s                      0x00000000   Number         0  libspace.o ABSOLUTE
    ../clib/angel/sys.s                      0x00000000   Number         0  indicate_semi.o ABSOLUTE
    ../clib/angel/sysapp.c                   0x00000000   Number         0  sys_wrch.o ABSOLUTE
    ../clib/angel/sysapp.c                   0x00000000   Number         0  sys_command.o ABSOLUTE
    ../clib/angel/sysapp.c                   0x00000000   Number         0  sys_exit.o ABSOLUTE
    ../clib/armsys.c                         0x00000000   Number         0  argv_veneer.o ABSOLUTE
    ../clib/armsys.c                         0x00000000   Number         0  argv_veneer.o ABSOLUTE
    ../clib/armsys.c                         0x00000000   Number         0  _get_argv_nomalloc.o ABSOLUTE
    ../clib/armsys.c                         0x00000000   Number         0  no_argv.o ABSOLUTE
    ../clib/ctype.c                          0x00000000   Number         0  toupper.o ABSOLUTE
    ../clib/fenv.c                           0x00000000   Number         0  _rserrno.o ABSOLUTE
    ../clib/heapalloc.c                      0x00000000   Number         0  hrguard.o ABSOLUTE
    ../clib/heapaux.c                        0x00000000   Number         0  heapauxi.o ABSOLUTE
    ../clib/libinit.s                        0x00000000   Number         0  libinit.o ABSOLUTE
    ../clib/libinit.s                        0x00000000   Number         0  libinit2.o ABSOLUTE
    ../clib/libinit.s                        0x00000000   Number         0  libshutdown2.o ABSOLUTE
    ../clib/libinit.s                        0x00000000   Number         0  libshutdown.o ABSOLUTE
    ../clib/locale.s                         0x00000000   Number         0  lc_ctype_c.o ABSOLUTE
    ../clib/memcpset.s                       0x00000000   Number         0  strcmpv7m.o ABSOLUTE
    ../clib/signal.c                         0x00000000   Number         0  defsig_abrt_inner.o ABSOLUTE
    ../clib/signal.c                         0x00000000   Number         0  defsig_general.o ABSOLUTE
    ../clib/signal.c                         0x00000000   Number         0  defsig_other.o ABSOLUTE
    ../clib/signal.c                         0x00000000   Number         0  __raise.o ABSOLUTE
    ../clib/signal.c                         0x00000000   Number         0  defsig_rtmem_inner.o ABSOLUTE
    ../clib/signal.c                         0x00000000   Number         0  defsig_exit.o ABSOLUTE
    ../clib/signal.c                         0x00000000   Number         0  defsig_rtmem_formal.o ABSOLUTE
    ../clib/signal.c                         0x00000000   Number         0  defsig_rtmem_outer.o ABSOLUTE
    ../clib/signal.c                         0x00000000   Number         0  defsig_segv_inner.o ABSOLUTE
    ../clib/signal.c                         0x00000000   Number         0  defsig_cppl_inner.o ABSOLUTE
    ../clib/signal.c                         0x00000000   Number         0  defsig_pvfn_inner.o ABSOLUTE
    ../clib/signal.c                         0x00000000   Number         0  defsig_stak_inner.o ABSOLUTE
    ../clib/signal.c                         0x00000000   Number         0  defsig_rtred_inner.o ABSOLUTE
    ../clib/signal.c                         0x00000000   Number         0  defsig_fpe_inner.o ABSOLUTE
    ../clib/signal.s                         0x00000000   Number         0  defsig.o ABSOLUTE
    ../clib/stdlib.c                         0x00000000   Number         0  exit.o ABSOLUTE
    ../fplib/d2f.s                           0x00000000   Number         0  d2f.o ABSOLUTE
    ../fplib/daddsub.s                       0x00000000   Number         0  daddsub_clz.o ABSOLUTE
    ../fplib/dcheck1.s                       0x00000000   Number         0  dcheck1.o ABSOLUTE
    ../fplib/dcmpi.s                         0x00000000   Number         0  dcmpi.o ABSOLUTE
    ../fplib/ddiv.s                          0x00000000   Number         0  ddiv.o ABSOLUTE
    ../fplib/dflt.s                          0x00000000   Number         0  dflt_clz.o ABSOLUTE
    ../fplib/dleqf.s                         0x00000000   Number         0  dleqf.o ABSOLUTE
    ../fplib/dmul.s                          0x00000000   Number         0  dmul.o ABSOLUTE
    ../fplib/dnaninf.s                       0x00000000   Number         0  dnaninf.o ABSOLUTE
    ../fplib/dretinf.s                       0x00000000   Number         0  dretinf.o ABSOLUTE
    ../fplib/drleqf.s                        0x00000000   Number         0  drleqf.o ABSOLUTE
    ../fplib/dsqrt.s                         0x00000000   Number         0  dsqrt_noumaal.o ABSOLUTE
    ../fplib/f2d.s                           0x00000000   Number         0  f2d.o ABSOLUTE
    ../fplib/faddsub.s                       0x00000000   Number         0  faddsub_clz.o ABSOLUTE
    ../fplib/fcmpi.s                         0x00000000   Number         0  fcmpi.o ABSOLUTE
    ../fplib/fdiv.s                          0x00000000   Number         0  fdiv.o ABSOLUTE
    ../fplib/fflt.s                          0x00000000   Number         0  fflt_clz.o ABSOLUTE
    ../fplib/fleqf.s                         0x00000000   Number         0  fleqf.o ABSOLUTE
    ../fplib/fmul.s                          0x00000000   Number         0  fmul.o ABSOLUTE
    ../fplib/fnaninf.s                       0x00000000   Number         0  fnaninf.o ABSOLUTE
    ../fplib/fpinit.s                        0x00000000   Number         0  fpinit.o ABSOLUTE
    ../fplib/fretinf.s                       0x00000000   Number         0  fretinf.o ABSOLUTE
    ../fplib/frleqf.s                        0x00000000   Number         0  frleqf.o ABSOLUTE
    ../fplib/retnan.s                        0x00000000   Number         0  retnan.o ABSOLUTE
    ../fplib/scalbn.s                        0x00000000   Number         0  scalbn.o ABSOLUTE
    ../fplib/trapv.s                         0x00000000   Number         0  trapv.o ABSOLUTE
    ../fplib/usenofp.s                       0x00000000   Number         0  usenofp.o ABSOLUTE
    ../mathlib/dunder.c                      0x00000000   Number         0  dunder.o ABSOLUTE
    ../mathlib/fpclassify.c                  0x00000000   Number         0  fpclassify.o ABSOLUTE
    ../mathlib/poly.c                        0x00000000   Number         0  poly.o ABSOLUTE
    ../mathlib/pow.c                         0x00000000   Number         0  pow_x.o ABSOLUTE
    ../mathlib/pow.c                         0x00000000   Number         0  pow.o ABSOLUTE
    ../mathlib/qnan.c                        0x00000000   Number         0  qnan.o ABSOLUTE
    ../mathlib/sqrt.c                        0x00000000   Number         0  sqrt.o ABSOLUTE
    ../mathlib/sqrt.c                        0x00000000   Number         0  sqrt_x.o ABSOLUTE
    CMSIS\Device\ST\STM32F1xx\Source\Templates\arm\startup_stm32f100xe.s 0x00000000   Number         0  startup_stm32f100xe.o ABSOLUTE
    CMSIS\Device\ST\STM32F1xx\Source\Templates\system_stm32f1xx.c 0x00000000   Number         0  system_stm32f1xx.o ABSOLUTE
    CMSIS\\Device\\ST\\STM32F1xx\\Source\\Templates\\system_stm32f1xx.c 0x00000000   Number         0  system_stm32f1xx.o ABSOLUTE
    dc.s                                     0x00000000   Number         0  dc.o ABSOLUTE
    source\\c\\CRC16.c                       0x00000000   Number         0  crc16.o ABSOLUTE
    source\\c\\ModbusRTU.c                   0x00000000   Number         0  modbusrtu.o ABSOLUTE
    source\\c\\adc.c                         0x00000000   Number         0  adc.o ABSOLUTE
    source\\c\\afio.c                        0x00000000   Number         0  afio.o ABSOLUTE
    source\\c\\dma.c                         0x00000000   Number         0  dma.o ABSOLUTE
    source\\c\\etr.c                         0x00000000   Number         0  etr.o ABSOLUTE
    source\\c\\exti.c                        0x00000000   Number         0  exti.o ABSOLUTE
    source\\c\\flash.c                       0x00000000   Number         0  flash.o ABSOLUTE
    source\\c\\gpio.c                        0x00000000   Number         0  gpio.o ABSOLUTE
    source\\c\\iwdg.c                        0x00000000   Number         0  iwdg.o ABSOLUTE
    source\\c\\main.c                        0x00000000   Number         0  main.o ABSOLUTE
    source\\c\\oven.c                        0x00000000   Number         0  oven.o ABSOLUTE
    source\\c\\pt100.c                       0x00000000   Number         0  pt100.o ABSOLUTE
    source\\c\\rcc.c                         0x00000000   Number         0  rcc.o ABSOLUTE
    source\\c\\tim.c                         0x00000000   Number         0  tim.o ABSOLUTE
    source\\c\\usart.c                       0x00000000   Number         0  usart.o ABSOLUTE
    source\c\CRC16.c                         0x00000000   Number         0  crc16.o ABSOLUTE
    source\c\ModbusRTU.c                     0x00000000   Number         0  modbusrtu.o ABSOLUTE
    source\c\adc.c                           0x00000000   Number         0  adc.o ABSOLUTE
    source\c\afio.c                          0x00000000   Number         0  afio.o ABSOLUTE
    source\c\dma.c                           0x00000000   Number         0  dma.o ABSOLUTE
    source\c\etr.c                           0x00000000   Number         0  etr.o ABSOLUTE
    source\c\exti.c                          0x00000000   Number         0  exti.o ABSOLUTE
    source\c\flash.c                         0x00000000   Number         0  flash.o ABSOLUTE
    source\c\gpio.c                          0x00000000   Number         0  gpio.o ABSOLUTE
    source\c\iwdg.c                          0x00000000   Number         0  iwdg.o ABSOLUTE
    source\c\main.c                          0x00000000   Number         0  main.o ABSOLUTE
    source\c\oven.c                          0x00000000   Number         0  oven.o ABSOLUTE
    source\c\pt100.c                         0x00000000   Number         0  pt100.o ABSOLUTE
    source\c\rcc.c                           0x00000000   Number         0  rcc.o ABSOLUTE
    source\c\tim.c                           0x00000000   Number         0  tim.o ABSOLUTE
    source\c\usart.c                         0x00000000   Number         0  usart.o ABSOLUTE
    RESET                                    0x08000000   Section      308  startup_stm32f100xe.o(RESET)
    !!!main                                  0x08000134   Section        8  __main.o(!!!main)
    !!!scatter                               0x0800013c   Section       52  __scatter.o(!!!scatter)
    !!dczerorl2                              0x08000170   Section       90  __dczerorl2.o(!!dczerorl2)
    !!handler_zi                             0x080001cc   Section       28  __scatter_zi.o(!!handler_zi)
    .ARM.Collect$$libinit$$00000000          0x080001e8   Section        2  libinit.o(.ARM.Collect$$libinit$$00000000)
    .ARM.Collect$$libinit$$00000002          0x080001ea   Section        0  libinit2.o(.ARM.Collect$$libinit$$00000002)
    .ARM.Collect$$libinit$$00000008          0x080001ea   Section        0  libinit2.o(.ARM.Collect$$libinit$$00000008)
    .ARM.Collect$$libinit$$0000000A          0x080001ea   Section        0  libinit2.o(.ARM.Collect$$libinit$$0000000A)
    .ARM.Collect$$libinit$$0000000C          0x080001ea   Section        0  libinit2.o(.ARM.Collect$$libinit$$0000000C)
    .ARM.Collect$$libinit$$0000000D          0x080001ea   Section        6  libinit2.o(.ARM.Collect$$libinit$$0000000D)
    .ARM.Collect$$libinit$$0000000F          0x080001f0   Section        0  libinit2.o(.ARM.Collect$$libinit$$0000000F)
    .ARM.Collect$$libinit$$00000010          0x080001f0   Section       12  libinit2.o(.ARM.Collect$$libinit$$00000010)
    .ARM.Collect$$libinit$$00000011          0x080001fc   Section        0  libinit2.o(.ARM.Collect$$libinit$$00000011)
    .ARM.Collect$$libinit$$00000013          0x080001fc   Section        0  libinit2.o(.ARM.Collect$$libinit$$00000013)
    .ARM.Collect$$libinit$$00000015          0x080001fc   Section        0  libinit2.o(.ARM.Collect$$libinit$$00000015)
    .ARM.Collect$$libinit$$00000017          0x080001fc   Section        0  libinit2.o(.ARM.Collect$$libinit$$00000017)
    .ARM.Collect$$libinit$$00000019          0x080001fc   Section        0  libinit2.o(.ARM.Collect$$libinit$$00000019)
    .ARM.Collect$$libinit$$0000001B          0x080001fc   Section        0  libinit2.o(.ARM.Collect$$libinit$$0000001B)
    .ARM.Collect$$libinit$$0000001D          0x080001fc   Section        0  libinit2.o(.ARM.Collect$$libinit$$0000001D)
    .ARM.Collect$$libinit$$0000001F          0x080001fc   Section        0  libinit2.o(.ARM.Collect$$libinit$$0000001F)
    .ARM.Collect$$libinit$$00000021          0x080001fc   Section        0  libinit2.o(.ARM.Collect$$libinit$$00000021)
    .ARM.Collect$$libinit$$00000023          0x080001fc   Section        0  libinit2.o(.ARM.Collect$$libinit$$00000023)
    .ARM.Collect$$libinit$$0000002A          0x080001fc   Section        0  libinit2.o(.ARM.Collect$$libinit$$0000002A)
    .ARM.Collect$$libinit$$0000002C          0x080001fc   Section        0  libinit2.o(.ARM.Collect$$libinit$$0000002C)
    .ARM.Collect$$libinit$$0000002E          0x080001fc   Section        0  libinit2.o(.ARM.Collect$$libinit$$0000002E)
    .ARM.Collect$$libinit$$00000030          0x080001fc   Section        0  libinit2.o(.ARM.Collect$$libinit$$00000030)
    .ARM.Collect$$libinit$$00000031          0x080001fc   Section        2  libinit2.o(.ARM.Collect$$libinit$$00000031)
    .ARM.Collect$$libshutdown$$00000000      0x080001fe   Section        2  libshutdown.o(.ARM.Collect$$libshutdown$$00000000)
    .ARM.Collect$$libshutdown$$00000003      0x08000200   Section        0  libshutdown2.o(.ARM.Collect$$libshutdown$$00000003)
    .ARM.Collect$$libshutdown$$00000006      0x08000200   Section        0  libshutdown2.o(.ARM.Collect$$libshutdown$$00000006)
    .ARM.Collect$$libshutdown$$00000009      0x08000200   Section        0  libshutdown2.o(.ARM.Collect$$libshutdown$$00000009)
    .ARM.Collect$$libshutdown$$0000000B      0x08000200   Section        0  libshutdown2.o(.ARM.Collect$$libshutdown$$0000000B)
    .ARM.Collect$$libshutdown$$0000000E      0x08000200   Section        0  libshutdown2.o(.ARM.Collect$$libshutdown$$0000000E)
    .ARM.Collect$$libshutdown$$0000000F      0x08000200   Section        2  libshutdown2.o(.ARM.Collect$$libshutdown$$0000000F)
    .ARM.Collect$$rtentry$$00000000          0x08000202   Section        0  rtentry.o(.ARM.Collect$$rtentry$$00000000)
    .ARM.Collect$$rtentry$$00000002          0x08000202   Section        0  rtentry2.o(.ARM.Collect$$rtentry$$00000002)
    .ARM.Collect$$rtentry$$00000004          0x08000202   Section        6  rtentry4.o(.ARM.Collect$$rtentry$$00000004)
    .ARM.Collect$$rtentry$$00000009          0x08000208   Section        0  rtentry2.o(.ARM.Collect$$rtentry$$00000009)
    .ARM.Collect$$rtentry$$0000000A          0x08000208   Section        4  rtentry2.o(.ARM.Collect$$rtentry$$0000000A)
    .ARM.Collect$$rtentry$$0000000C          0x0800020c   Section        0  rtentry2.o(.ARM.Collect$$rtentry$$0000000C)
    .ARM.Collect$$rtentry$$0000000D          0x0800020c   Section        8  rtentry2.o(.ARM.Collect$$rtentry$$0000000D)
    .ARM.Collect$$rtexit$$00000000           0x08000214   Section        2  rtexit.o(.ARM.Collect$$rtexit$$00000000)
    .ARM.Collect$$rtexit$$00000002           0x08000216   Section        0  rtexit2.o(.ARM.Collect$$rtexit$$00000002)
    .ARM.Collect$$rtexit$$00000003           0x08000216   Section        4  rtexit2.o(.ARM.Collect$$rtexit$$00000003)
    .ARM.Collect$$rtexit$$00000004           0x0800021a   Section        6  rtexit2.o(.ARM.Collect$$rtexit$$00000004)
    .text                                    0x08000220   Section        0  adc.o(.text)
    .text                                    0x0800039c   Section        0  afio.o(.text)
    .text                                    0x080003c0   Section        0  crc16.o(.text)
    .text                                    0x080003f8   Section        0  dma.o(.text)
    .text                                    0x0800046c   Section        0  etr.o(.text)
    .text                                    0x08000614   Section        0  flash.o(.text)
    .text                                    0x080006b8   Section        0  gpio.o(.text)
    .text                                    0x08000898   Section        0  iwdg.o(.text)
    .text                                    0x080008c0   Section        0  main.o(.text)
    .text                                    0x0800196c   Section        0  modbusrtu.o(.text)
    .text                                    0x08001c48   Section        0  rcc.o(.text)
    .text                                    0x08001d1c   Section        0  tim.o(.text)
    .text                                    0x08001d60   Section        0  usart.o(.text)
    NVIC_EnableIRQ                           0x080020b1   Thumb Code    24  usart.o(.text)
    .text                                    0x0800210c   Section        0  oven.o(.text)
    .text                                    0x0800260c   Section       64  startup_stm32f100xe.o(.text)
    .text                                    0x0800264c   Section        0  system_stm32f1xx.o(.text)
    .text                                    0x08002740   Section        0  toupper.o(.text)
    .text                                    0x0800275e   Section        0  heapauxi.o(.text)
    .text                                    0x08002764   Section       16  rt_ctype_table.o(.text)
    .text                                    0x08002774   Section        0  _rserrno.o(.text)
    .text                                    0x0800278c   Section        8  rt_locale_intlibspace.o(.text)
    .text                                    0x08002794   Section        8  rt_errno_addr_intlibspace.o(.text)
    .text                                    0x0800279c   Section        8  libspace.o(.text)
    .text                                    0x080027a4   Section       74  sys_stackheap_outer.o(.text)
    .text                                    0x080027ee   Section        0  exit.o(.text)
    .text                                    0x080027fc   Section      128  strcmpv7m.o(.text)
    .text                                    0x0800287c   Section        0  sys_exit.o(.text)
    .text                                    0x08002888   Section        2  use_no_semi.o(.text)
    .text                                    0x0800288a   Section        0  indicate_semi.o(.text)
    i.__ARM_fpclassify                       0x0800288a   Section        0  fpclassify.o(i.__ARM_fpclassify)
    i.__kernel_poly                          0x080028b2   Section        0  poly.o(i.__kernel_poly)
    i.__mathlib_dbl_underflow                0x0800295c   Section        0  dunder.o(i.__mathlib_dbl_underflow)
    i.pow                                    0x0800296c   Section        0  pow.o(i.pow)
    i.sqrt                                   0x0800334c   Section        0  sqrt.o(i.sqrt)
    locale$$code                             0x08003398   Section       44  lc_ctype_c.o(locale$$code)
    x$fpl$d2f                                0x080033c4   Section       98  d2f.o(x$fpl$d2f)
    x$fpl$dadd                               0x08003428   Section      336  daddsub_clz.o(x$fpl$dadd)
    _dadd1                                   0x08003439   Thumb Code     0  daddsub_clz.o(x$fpl$dadd)
    x$fpl$dcheck1                            0x08003578   Section       16  dcheck1.o(x$fpl$dcheck1)
    x$fpl$dcmpinf                            0x08003588   Section       24  dcmpi.o(x$fpl$dcmpinf)
    x$fpl$ddiv                               0x080035a0   Section      688  ddiv.o(x$fpl$ddiv)
    ddiv_entry                               0x080035a7   Thumb Code     0  ddiv.o(x$fpl$ddiv)
    x$fpl$dflt                               0x08003850   Section       46  dflt_clz.o(x$fpl$dflt)
    x$fpl$dfltu                              0x0800387e   Section       38  dflt_clz.o(x$fpl$dfltu)
    x$fpl$dleqf                              0x080038a4   Section      120  dleqf.o(x$fpl$dleqf)
    x$fpl$dmul                               0x0800391c   Section      340  dmul.o(x$fpl$dmul)
    x$fpl$dnaninf                            0x08003a70   Section      156  dnaninf.o(x$fpl$dnaninf)
    x$fpl$dretinf                            0x08003b0c   Section       12  dretinf.o(x$fpl$dretinf)
    x$fpl$drleqf                             0x08003b18   Section      108  drleqf.o(x$fpl$drleqf)
    x$fpl$drsb                               0x08003b84   Section       22  daddsub_clz.o(x$fpl$drsb)
    x$fpl$dsqrt                              0x08003b9c   Section      460  dsqrt_noumaal.o(x$fpl$dsqrt)
    x$fpl$dsub                               0x08003d68   Section      468  daddsub_clz.o(x$fpl$dsub)
    _dsub1                                   0x08003d79   Thumb Code     0  daddsub_clz.o(x$fpl$dsub)
    x$fpl$f2d                                0x08003f3c   Section       86  f2d.o(x$fpl$f2d)
    x$fpl$fadd                               0x08003f94   Section      196  faddsub_clz.o(x$fpl$fadd)
    _fadd1                                   0x08003fa3   Thumb Code     0  faddsub_clz.o(x$fpl$fadd)
    x$fpl$fcmpinf                            0x08004058   Section       24  fcmpi.o(x$fpl$fcmpinf)
    x$fpl$fdiv                               0x08004070   Section      388  fdiv.o(x$fpl$fdiv)
    _fdiv1                                   0x08004071   Thumb Code     0  fdiv.o(x$fpl$fdiv)
    x$fpl$ffltu                              0x080041f4   Section       38  fflt_clz.o(x$fpl$ffltu)
    x$fpl$fleqf                              0x0800421c   Section      104  fleqf.o(x$fpl$fleqf)
    x$fpl$fmul                               0x08004284   Section      258  fmul.o(x$fpl$fmul)
    x$fpl$fnaninf                            0x08004386   Section      140  fnaninf.o(x$fpl$fnaninf)
    x$fpl$fretinf                            0x08004412   Section       10  fretinf.o(x$fpl$fretinf)
    x$fpl$frleqf                             0x0800441c   Section       98  frleqf.o(x$fpl$frleqf)
    x$fpl$fsub                               0x08004480   Section      234  faddsub_clz.o(x$fpl$fsub)
    _fsub1                                   0x0800448f   Thumb Code     0  faddsub_clz.o(x$fpl$fsub)
    x$fpl$retnan                             0x0800456a   Section      100  retnan.o(x$fpl$retnan)
    x$fpl$scalbn                             0x080045ce   Section       92  scalbn.o(x$fpl$scalbn)
    x$fpl$trapveneer                         0x0800462a   Section       48  trapv.o(x$fpl$trapveneer)
    .constdata                               0x0800465a   Section       24  system_stm32f1xx.o(.constdata)
    x$fpl$usenofp                            0x0800465a   Section        0  usenofp.o(x$fpl$usenofp)
    .constdata                               0x08004678   Section      136  pow.o(.constdata)
    bp                                       0x08004678   Data          16  pow.o(.constdata)
    dp_h                                     0x08004688   Data          16  pow.o(.constdata)
    dp_l                                     0x08004698   Data          16  pow.o(.constdata)
    L                                        0x080046a8   Data          48  pow.o(.constdata)
    P                                        0x080046d8   Data          40  pow.o(.constdata)
    .constdata                               0x08004700   Section        8  qnan.o(.constdata)
    locale$$data                             0x08004728   Section      272  lc_ctype_c.o(locale$$data)
    __lcctype_c_name                         0x0800472c   Data           2  lc_ctype_c.o(locale$$data)
    __lcctype_c_start                        0x08004734   Data           0  lc_ctype_c.o(locale$$data)
    __lcctype_c_end                          0x08004838   Data           0  lc_ctype_c.o(locale$$data)
    .data                                    0x20000000   Section      512  crc16.o(.data)
    .data                                    0x20000200   Section        4  etr.o(.data)
    .data                                    0x20000204   Section       98  main.o(.data)
    .data                                    0x20000268   Section       12  modbusrtu.o(.data)
    .data                                    0x20000274   Section       32  usart.o(.data)
    .data                                    0x20000294   Section       20  oven.o(.data)
    .data                                    0x200002a8   Section        4  system_stm32f1xx.o(.data)
    .bss                                     0x200002ac   Section      220  main.o(.bss)
    .bss                                     0x20000388   Section      100  usart.o(.bss)
    .bss                                     0x200003ec   Section       10  oven.o(.bss)
    .bss                                     0x200003f8   Section       96  libspace.o(.bss)
    HEAP                                     0x20000458   Section      512  startup_stm32f100xe.o(HEAP)
    Heap_Mem                                 0x20000458   Data         512  startup_stm32f100xe.o(HEAP)
    STACK                                    0x20000658   Section     1024  startup_stm32f100xe.o(STACK)
    Stack_Mem                                0x20000658   Data        1024  startup_stm32f100xe.o(STACK)
    __initial_sp                             0x20000a58   Data           0  startup_stm32f100xe.o(STACK)

    Global Symbols

    Symbol Name                              Value     Ov Type        Size  Object(Section)

    BuildAttributes$$THM_ISAv4$P$D$K$B$S$PE$A:L22UL41UL21$X:L11$S22US41US21$IEEE1$IW$USESV6$~STKCKD$USESV7$~SHL$OTIME$ROPI$IEEEX$EBA8$UX$STANDARDLIB$REQ8$PRES8$EABIv2 0x00000000   Number         0  anon$$obj.o ABSOLUTE
    __ARM_use_no_argv                        0x00000000   Number         0  main.o ABSOLUTE
    __ARM_exceptions_init                     - Undefined Weak Reference
    __alloca_initialize                       - Undefined Weak Reference
    __cpp_initialize__aeabi_                  - Undefined Weak Reference
    __cxa_finalize                            - Undefined Weak Reference
    __sigvec_lookup                           - Undefined Weak Reference
    _atexit_init                              - Undefined Weak Reference
    _call_atexit_fns                          - Undefined Weak Reference
    _clock_init                               - Undefined Weak Reference
    _fp_trap_init                             - Undefined Weak Reference
    _fp_trap_shutdown                         - Undefined Weak Reference
    _get_lc_collate                           - Undefined Weak Reference
    _get_lc_monetary                          - Undefined Weak Reference
    _get_lc_numeric                           - Undefined Weak Reference
    _get_lc_time                              - Undefined Weak Reference
    _getenv_init                              - Undefined Weak Reference
    _handle_redirection                       - Undefined Weak Reference
    _init_alloc                               - Undefined Weak Reference
    _init_user_alloc                          - Undefined Weak Reference
    _initio                                   - Undefined Weak Reference
    _rand_init                                - Undefined Weak Reference
    _signal_finish                            - Undefined Weak Reference
    _signal_init                              - Undefined Weak Reference
    _terminate_alloc                          - Undefined Weak Reference
    _terminate_user_alloc                     - Undefined Weak Reference
    _terminateio                              - Undefined Weak Reference
    __Vectors_Size                           0x00000134   Number         0  startup_stm32f100xe.o ABSOLUTE
    __Vectors                                0x08000000   Data           4  startup_stm32f100xe.o(RESET)
    __Vectors_End                            0x08000134   Data           0  startup_stm32f100xe.o(RESET)
    __main                                   0x08000135   Thumb Code     8  __main.o(!!!main)
    __scatterload                            0x0800013d   Thumb Code     0  __scatter.o(!!!scatter)
    __scatterload_rt2                        0x0800013d   Thumb Code    44  __scatter.o(!!!scatter)
    __scatterload_rt2_thumb_only             0x0800013d   Thumb Code     0  __scatter.o(!!!scatter)
    __scatterload_null                       0x0800014b   Thumb Code     0  __scatter.o(!!!scatter)
    __decompress                             0x08000171   Thumb Code    90  __dczerorl2.o(!!dczerorl2)
    __decompress1                            0x08000171   Thumb Code     0  __dczerorl2.o(!!dczerorl2)
    __scatterload_zeroinit                   0x080001cd   Thumb Code    28  __scatter_zi.o(!!handler_zi)
    __rt_lib_init                            0x080001e9   Thumb Code     0  libinit.o(.ARM.Collect$$libinit$$00000000)
    __rt_lib_init_fp_1                       0x080001eb   Thumb Code     0  libinit2.o(.ARM.Collect$$libinit$$00000002)
    __rt_lib_init_heap_1                     0x080001eb   Thumb Code     0  libinit2.o(.ARM.Collect$$libinit$$00000008)
    __rt_lib_init_lc_common                  0x080001eb   Thumb Code     0  libinit2.o(.ARM.Collect$$libinit$$0000000D)
    __rt_lib_init_rand_1                     0x080001eb   Thumb Code     0  libinit2.o(.ARM.Collect$$libinit$$0000000C)
    __rt_lib_init_user_alloc_1               0x080001eb   Thumb Code     0  libinit2.o(.ARM.Collect$$libinit$$0000000A)
    __rt_lib_init_lc_collate_1               0x080001f1   Thumb Code     0  libinit2.o(.ARM.Collect$$libinit$$0000000F)
    __rt_lib_init_lc_ctype_2                 0x080001f1   Thumb Code     0  libinit2.o(.ARM.Collect$$libinit$$00000010)
    __rt_lib_init_alloca_1                   0x080001fd   Thumb Code     0  libinit2.o(.ARM.Collect$$libinit$$0000002C)
    __rt_lib_init_argv_1                     0x080001fd   Thumb Code     0  libinit2.o(.ARM.Collect$$libinit$$0000002A)
    __rt_lib_init_atexit_1                   0x080001fd   Thumb Code     0  libinit2.o(.ARM.Collect$$libinit$$00000019)
    __rt_lib_init_clock_1                    0x080001fd   Thumb Code     0  libinit2.o(.ARM.Collect$$libinit$$0000001F)
    __rt_lib_init_cpp_1                      0x080001fd   Thumb Code     0  libinit2.o(.ARM.Collect$$libinit$$00000030)
    __rt_lib_init_exceptions_1               0x080001fd   Thumb Code     0  libinit2.o(.ARM.Collect$$libinit$$0000002E)
    __rt_lib_init_fp_trap_1                  0x080001fd   Thumb Code     0  libinit2.o(.ARM.Collect$$libinit$$0000001D)
    __rt_lib_init_getenv_1                   0x080001fd   Thumb Code     0  libinit2.o(.ARM.Collect$$libinit$$00000021)
    __rt_lib_init_lc_ctype_1                 0x080001fd   Thumb Code     0  libinit2.o(.ARM.Collect$$libinit$$00000011)
    __rt_lib_init_lc_monetary_1              0x080001fd   Thumb Code     0  libinit2.o(.ARM.Collect$$libinit$$00000013)
    __rt_lib_init_lc_numeric_1               0x080001fd   Thumb Code     0  libinit2.o(.ARM.Collect$$libinit$$00000015)
    __rt_lib_init_lc_time_1                  0x080001fd   Thumb Code     0  libinit2.o(.ARM.Collect$$libinit$$00000017)
    __rt_lib_init_return                     0x080001fd   Thumb Code     0  libinit2.o(.ARM.Collect$$libinit$$00000031)
    __rt_lib_init_signal_1                   0x080001fd   Thumb Code     0  libinit2.o(.ARM.Collect$$libinit$$0000001B)
    __rt_lib_init_stdio_1                    0x080001fd   Thumb Code     0  libinit2.o(.ARM.Collect$$libinit$$00000023)
    __rt_lib_shutdown                        0x080001ff   Thumb Code     0  libshutdown.o(.ARM.Collect$$libshutdown$$00000000)
    __rt_lib_shutdown_fp_trap_1              0x08000201   Thumb Code     0  libshutdown2.o(.ARM.Collect$$libshutdown$$00000006)
    __rt_lib_shutdown_heap_1                 0x08000201   Thumb Code     0  libshutdown2.o(.ARM.Collect$$libshutdown$$0000000E)
    __rt_lib_shutdown_return                 0x08000201   Thumb Code     0  libshutdown2.o(.ARM.Collect$$libshutdown$$0000000F)
    __rt_lib_shutdown_signal_1               0x08000201   Thumb Code     0  libshutdown2.o(.ARM.Collect$$libshutdown$$00000009)
    __rt_lib_shutdown_stdio_1                0x08000201   Thumb Code     0  libshutdown2.o(.ARM.Collect$$libshutdown$$00000003)
    __rt_lib_shutdown_user_alloc_1           0x08000201   Thumb Code     0  libshutdown2.o(.ARM.Collect$$libshutdown$$0000000B)
    __rt_entry                               0x08000203   Thumb Code     0  rtentry.o(.ARM.Collect$$rtentry$$00000000)
    __rt_entry_presh_1                       0x08000203   Thumb Code     0  rtentry2.o(.ARM.Collect$$rtentry$$00000002)
    __rt_entry_sh                            0x08000203   Thumb Code     0  rtentry4.o(.ARM.Collect$$rtentry$$00000004)
    __rt_entry_li                            0x08000209   Thumb Code     0  rtentry2.o(.ARM.Collect$$rtentry$$0000000A)
    __rt_entry_postsh_1                      0x08000209   Thumb Code     0  rtentry2.o(.ARM.Collect$$rtentry$$00000009)
    __rt_entry_main                          0x0800020d   Thumb Code     0  rtentry2.o(.ARM.Collect$$rtentry$$0000000D)
    __rt_entry_postli_1                      0x0800020d   Thumb Code     0  rtentry2.o(.ARM.Collect$$rtentry$$0000000C)
    __rt_exit                                0x08000215   Thumb Code     0  rtexit.o(.ARM.Collect$$rtexit$$00000000)
    __rt_exit_ls                             0x08000217   Thumb Code     0  rtexit2.o(.ARM.Collect$$rtexit$$00000003)
    __rt_exit_prels_1                        0x08000217   Thumb Code     0  rtexit2.o(.ARM.Collect$$rtexit$$00000002)
    __rt_exit_exit                           0x0800021b   Thumb Code     0  rtexit2.o(.ARM.Collect$$rtexit$$00000004)
    ADC_init                                 0x08000221   Thumb Code   254  adc.o(.text)
    ADC_convert_U                            0x0800031f   Thumb Code    58  adc.o(.text)
    ADC_calculation_R                        0x08000359   Thumb Code    46  adc.o(.text)
    AFIO_init                                0x0800039d   Thumb Code    30  afio.o(.text)
    CRC16                                    0x080003c1   Thumb Code    48  crc16.o(.text)
    DMA_init                                 0x080003f9   Thumb Code   108  dma.o(.text)
    ETR_init                                 0x0800046d   Thumb Code   258  etr.o(.text)
    TIM4_IRQHandler                          0x0800056f   Thumb Code   136  etr.o(.text)
    ETR_TIM1_Impulse_get                     0x080005f7   Thumb Code     6  etr.o(.text)
    ETR_TIM2_Impulse_get                     0x080005fd   Thumb Code     6  etr.o(.text)
    FLASH_unlock                             0x08000615   Thumb Code    12  flash.o(.text)
    FLASH_lock                               0x08000621   Thumb Code    14  flash.o(.text)
    FLASH_read                               0x0800062f   Thumb Code     6  flash.o(.text)
    FLASH_write                              0x08000635   Thumb Code    70  flash.o(.text)
    FLASH_erase_page                         0x0800067b   Thumb Code    50  flash.o(.text)
    GPIO_init                                0x080006b9   Thumb Code   462  gpio.o(.text)
    IWDG_init                                0x08000899   Thumb Code    26  iwdg.o(.text)
    IWDG_reset                               0x080008b3   Thumb Code    10  iwdg.o(.text)
    main                                     0x080008c1   Thumb Code  3692  main.o(.text)
    SysTick_Handler                          0x0800172d   Thumb Code   388  main.o(.text)
    TIM3_IRQHandler                          0x080018b1   Thumb Code    64  main.o(.text)
    ModbusRTU_init                           0x0800196d   Thumb Code    10  modbusrtu.o(.text)
    ModbusRTU_Write_REG                      0x08001977   Thumb Code    74  modbusrtu.o(.text)
    ModbusRTU_Read_REG                       0x080019c1   Thumb Code    48  modbusrtu.o(.text)
    ModbusRTU_READ_INPUT_REG_Pack            0x080019f1   Thumb Code    64  modbusrtu.o(.text)
    ModbusRTU_PRESET_MULTIPLE_REG_Pack       0x08001a31   Thumb Code    96  modbusrtu.o(.text)
    ModbusRTU_Heandler_Slave                 0x08001a91   Thumb Code   300  modbusrtu.o(.text)
    ModbusRTU_Heandler_Master                0x08001bbd   Thumb Code   100  modbusrtu.o(.text)
    ModbusRTU_Return_Result                  0x08001c21   Thumb Code    22  modbusrtu.o(.text)
    RCC_init                                 0x08001c49   Thumb Code   202  rcc.o(.text)
    TIM3_init                                0x08001d1d   Thumb Code    62  tim.o(.text)
    USART1_init                              0x08001d61   Thumb Code    62  usart.o(.text)
    USART3_init                              0x08001d9f   Thumb Code    62  usart.o(.text)
    USART1_IRQHandler                        0x08001ddd   Thumb Code   260  usart.o(.text)
    USART3_IRQHandler                        0x08001ee1   Thumb Code   260  usart.o(.text)
    USART1_get                               0x08001fe5   Thumb Code    20  usart.o(.text)
    USART3_get                               0x08001ff9   Thumb Code    20  usart.o(.text)
    USART1_send                              0x0800200d   Thumb Code    68  usart.o(.text)
    USART3_send                              0x08002051   Thumb Code    68  usart.o(.text)
    USART1_status                            0x08002095   Thumb Code     6  usart.o(.text)
    USART3_status                            0x0800209b   Thumb Code     6  usart.o(.text)
    USART1_Clear_status                      0x080020a1   Thumb Code     8  usart.o(.text)
    USART3_Clear_status                      0x080020a9   Thumb Code     8  usart.o(.text)
    OVEN_init                                0x0800210d   Thumb Code     2  oven.o(.text)
    OVEN_Convert_DEC_dot0                    0x0800210f   Thumb Code   256  oven.o(.text)
    OVEN_CRC16                               0x0800220f   Thumb Code    74  oven.o(.text)
    OVEN_Convert_ASCII_byte                  0x08002259   Thumb Code   398  oven.o(.text)
    OVEN_Heandler_Master                     0x080023e7   Thumb Code   190  oven.o(.text)
    OVEN_Send_Pack_DSPD                      0x080024a5   Thumb Code   296  oven.o(.text)
    OVEN_Status                              0x080025cd   Thumb Code     6  oven.o(.text)
    OVEN_Clear_Status                        0x080025d3   Thumb Code     8  oven.o(.text)
    OVEN_Get_Adress_SI8                      0x080025db   Thumb Code     6  oven.o(.text)
    OVEN_Get_FlowMeter                       0x080025e1   Thumb Code     6  oven.o(.text)
    OVEN_Return_Result                       0x080025e7   Thumb Code    22  oven.o(.text)
    Reset_Handler                            0x0800260d   Thumb Code     8  startup_stm32f100xe.o(.text)
    NMI_Handler                              0x08002615   Thumb Code     2  startup_stm32f100xe.o(.text)
    HardFault_Handler                        0x08002617   Thumb Code     2  startup_stm32f100xe.o(.text)
    MemManage_Handler                        0x08002619   Thumb Code     2  startup_stm32f100xe.o(.text)
    BusFault_Handler                         0x0800261b   Thumb Code     2  startup_stm32f100xe.o(.text)
    UsageFault_Handler                       0x0800261d   Thumb Code     2  startup_stm32f100xe.o(.text)
    SVC_Handler                              0x0800261f   Thumb Code     2  startup_stm32f100xe.o(.text)
    DebugMon_Handler                         0x08002621   Thumb Code     2  startup_stm32f100xe.o(.text)
    PendSV_Handler                           0x08002623   Thumb Code     2  startup_stm32f100xe.o(.text)
    ADC1_IRQHandler                          0x08002627   Thumb Code     0  startup_stm32f100xe.o(.text)
    CEC_IRQHandler                           0x08002627   Thumb Code     0  startup_stm32f100xe.o(.text)
    DMA1_Channel1_IRQHandler                 0x08002627   Thumb Code     0  startup_stm32f100xe.o(.text)
    DMA1_Channel2_IRQHandler                 0x08002627   Thumb Code     0  startup_stm32f100xe.o(.text)
    DMA1_Channel3_IRQHandler                 0x08002627   Thumb Code     0  startup_stm32f100xe.o(.text)
    DMA1_Channel4_IRQHandler                 0x08002627   Thumb Code     0  startup_stm32f100xe.o(.text)
    DMA1_Channel5_IRQHandler                 0x08002627   Thumb Code     0  startup_stm32f100xe.o(.text)
    DMA1_Channel6_IRQHandler                 0x08002627   Thumb Code     0  startup_stm32f100xe.o(.text)
    DMA1_Channel7_IRQHandler                 0x08002627   Thumb Code     0  startup_stm32f100xe.o(.text)
    DMA2_Channel1_IRQHandler                 0x08002627   Thumb Code     0  startup_stm32f100xe.o(.text)
    DMA2_Channel2_IRQHandler                 0x08002627   Thumb Code     0  startup_stm32f100xe.o(.text)
    DMA2_Channel3_IRQHandler                 0x08002627   Thumb Code     0  startup_stm32f100xe.o(.text)
    DMA2_Channel4_5_IRQHandler               0x08002627   Thumb Code     0  startup_stm32f100xe.o(.text)
    DMA2_Channel5_IRQHandler                 0x08002627   Thumb Code     0  startup_stm32f100xe.o(.text)
    EXTI0_IRQHandler                         0x08002627   Thumb Code     0  startup_stm32f100xe.o(.text)
    EXTI15_10_IRQHandler                     0x08002627   Thumb Code     0  startup_stm32f100xe.o(.text)
    EXTI1_IRQHandler                         0x08002627   Thumb Code     0  startup_stm32f100xe.o(.text)
    EXTI2_IRQHandler                         0x08002627   Thumb Code     0  startup_stm32f100xe.o(.text)
    EXTI3_IRQHandler                         0x08002627   Thumb Code     0  startup_stm32f100xe.o(.text)
    EXTI4_IRQHandler                         0x08002627   Thumb Code     0  startup_stm32f100xe.o(.text)
    EXTI9_5_IRQHandler                       0x08002627   Thumb Code     0  startup_stm32f100xe.o(.text)
    FLASH_IRQHandler                         0x08002627   Thumb Code     0  startup_stm32f100xe.o(.text)
    I2C1_ER_IRQHandler                       0x08002627   Thumb Code     0  startup_stm32f100xe.o(.text)
    I2C1_EV_IRQHandler                       0x08002627   Thumb Code     0  startup_stm32f100xe.o(.text)
    I2C2_ER_IRQHandler                       0x08002627   Thumb Code     0  startup_stm32f100xe.o(.text)
    I2C2_EV_IRQHandler                       0x08002627   Thumb Code     0  startup_stm32f100xe.o(.text)
    PVD_IRQHandler                           0x08002627   Thumb Code     0  startup_stm32f100xe.o(.text)
    RCC_IRQHandler                           0x08002627   Thumb Code     0  startup_stm32f100xe.o(.text)
    RTC_Alarm_IRQHandler                     0x08002627   Thumb Code     0  startup_stm32f100xe.o(.text)
    RTC_IRQHandler                           0x08002627   Thumb Code     0  startup_stm32f100xe.o(.text)
    SPI1_IRQHandler                          0x08002627   Thumb Code     0  startup_stm32f100xe.o(.text)
    SPI2_IRQHandler                          0x08002627   Thumb Code     0  startup_stm32f100xe.o(.text)
    SPI3_IRQHandler                          0x08002627   Thumb Code     0  startup_stm32f100xe.o(.text)
    TAMPER_IRQHandler                        0x08002627   Thumb Code     0  startup_stm32f100xe.o(.text)
    TIM12_IRQHandler                         0x08002627   Thumb Code     0  startup_stm32f100xe.o(.text)
    TIM13_IRQHandler                         0x08002627   Thumb Code     0  startup_stm32f100xe.o(.text)
    TIM14_IRQHandler                         0x08002627   Thumb Code     0  startup_stm32f100xe.o(.text)
    TIM1_BRK_TIM15_IRQHandler                0x08002627   Thumb Code     0  startup_stm32f100xe.o(.text)
    TIM1_CC_IRQHandler                       0x08002627   Thumb Code     0  startup_stm32f100xe.o(.text)
    TIM1_TRG_COM_TIM17_IRQHandler            0x08002627   Thumb Code     0  startup_stm32f100xe.o(.text)
    TIM1_UP_TIM16_IRQHandler                 0x08002627   Thumb Code     0  startup_stm32f100xe.o(.text)
    TIM2_IRQHandler                          0x08002627   Thumb Code     0  startup_stm32f100xe.o(.text)
    TIM5_IRQHandler                          0x08002627   Thumb Code     0  startup_stm32f100xe.o(.text)
    TIM6_DAC_IRQHandler                      0x08002627   Thumb Code     0  startup_stm32f100xe.o(.text)
    TIM7_IRQHandler                          0x08002627   Thumb Code     0  startup_stm32f100xe.o(.text)
    UART4_IRQHandler                         0x08002627   Thumb Code     0  startup_stm32f100xe.o(.text)
    UART5_IRQHandler                         0x08002627   Thumb Code     0  startup_stm32f100xe.o(.text)
    USART2_IRQHandler                        0x08002627   Thumb Code     0  startup_stm32f100xe.o(.text)
    WWDG_IRQHandler                          0x08002627   Thumb Code     0  startup_stm32f100xe.o(.text)
    __user_initial_stackheap                 0x08002629   Thumb Code     0  startup_stm32f100xe.o(.text)
    SystemInit                               0x0800264d   Thumb Code    70  system_stm32f1xx.o(.text)
    SystemCoreClockUpdate                    0x08002693   Thumb Code   142  system_stm32f1xx.o(.text)
    toupper                                  0x08002741   Thumb Code    30  toupper.o(.text)
    __use_two_region_memory                  0x0800275f   Thumb Code     2  heapauxi.o(.text)
    __rt_heap_escrow$2region                 0x08002761   Thumb Code     2  heapauxi.o(.text)
    __rt_heap_expand$2region                 0x08002763   Thumb Code     2  heapauxi.o(.text)
    __rt_ctype_table                         0x08002765   Thumb Code    16  rt_ctype_table.o(.text)
    __read_errno                             0x08002775   Thumb Code    10  _rserrno.o(.text)
    __set_errno                              0x0800277f   Thumb Code    12  _rserrno.o(.text)
    __rt_locale                              0x0800278d   Thumb Code     8  rt_locale_intlibspace.o(.text)
    __aeabi_errno_addr                       0x08002795   Thumb Code     8  rt_errno_addr_intlibspace.o(.text)
    __errno$intlibspace                      0x08002795   Thumb Code     0  rt_errno_addr_intlibspace.o(.text)
    __rt_errno_addr$intlibspace              0x08002795   Thumb Code     0  rt_errno_addr_intlibspace.o(.text)
    __user_libspace                          0x0800279d   Thumb Code     8  libspace.o(.text)
    __user_perproc_libspace                  0x0800279d   Thumb Code     0  libspace.o(.text)
    __user_perthread_libspace                0x0800279d   Thumb Code     0  libspace.o(.text)
    __user_setup_stackheap                   0x080027a5   Thumb Code    74  sys_stackheap_outer.o(.text)
    exit                                     0x080027ef   Thumb Code    12  exit.o(.text)
    strcmp                                   0x080027fd   Thumb Code   128  strcmpv7m.o(.text)
    _sys_exit                                0x0800287d   Thumb Code     8  sys_exit.o(.text)
    __I$use$semihosting                      0x08002889   Thumb Code     0  use_no_semi.o(.text)
    __use_no_semihosting_swi                 0x08002889   Thumb Code     2  use_no_semi.o(.text)
    __ARM_fpclassify                         0x0800288b   Thumb Code    40  fpclassify.o(i.__ARM_fpclassify)
    __semihosting_library_function           0x0800288b   Thumb Code     0  indicate_semi.o(.text)
    __kernel_poly                            0x080028b3   Thumb Code   170  poly.o(i.__kernel_poly)
    __mathlib_dbl_underflow                  0x0800295d   Thumb Code    10  dunder.o(i.__mathlib_dbl_underflow)
    pow                                      0x0800296d   Thumb Code  2510  pow.o(i.pow)
    sqrt                                     0x0800334d   Thumb Code    76  sqrt.o(i.sqrt)
    _get_lc_ctype                            0x08003399   Thumb Code    44  lc_ctype_c.o(locale$$code)
    __aeabi_d2f                              0x080033c5   Thumb Code     0  d2f.o(x$fpl$d2f)
    _d2f                                     0x080033c5   Thumb Code    98  d2f.o(x$fpl$d2f)
    __aeabi_dadd                             0x08003429   Thumb Code     0  daddsub_clz.o(x$fpl$dadd)
    _dadd                                    0x08003429   Thumb Code   332  daddsub_clz.o(x$fpl$dadd)
    __fpl_dcheck_NaN1                        0x08003579   Thumb Code    10  dcheck1.o(x$fpl$dcheck1)
    __fpl_dcmp_Inf                           0x08003589   Thumb Code    24  dcmpi.o(x$fpl$dcmpinf)
    __aeabi_ddiv                             0x080035a1   Thumb Code     0  ddiv.o(x$fpl$ddiv)
    _ddiv                                    0x080035a1   Thumb Code   552  ddiv.o(x$fpl$ddiv)
    __aeabi_i2d                              0x08003851   Thumb Code     0  dflt_clz.o(x$fpl$dflt)
    _dflt                                    0x08003851   Thumb Code    46  dflt_clz.o(x$fpl$dflt)
    __aeabi_ui2d                             0x0800387f   Thumb Code     0  dflt_clz.o(x$fpl$dfltu)
    _dfltu                                   0x0800387f   Thumb Code    38  dflt_clz.o(x$fpl$dfltu)
    __aeabi_cdcmple                          0x080038a5   Thumb Code     0  dleqf.o(x$fpl$dleqf)
    _dcmple                                  0x080038a5   Thumb Code   120  dleqf.o(x$fpl$dleqf)
    __fpl_dcmple_InfNaN                      0x08003907   Thumb Code     0  dleqf.o(x$fpl$dleqf)
    __aeabi_dmul                             0x0800391d   Thumb Code     0  dmul.o(x$fpl$dmul)
    _dmul                                    0x0800391d   Thumb Code   332  dmul.o(x$fpl$dmul)
    __fpl_dnaninf                            0x08003a71   Thumb Code   156  dnaninf.o(x$fpl$dnaninf)
    __fpl_dretinf                            0x08003b0d   Thumb Code    12  dretinf.o(x$fpl$dretinf)
    __aeabi_cdrcmple                         0x08003b19   Thumb Code     0  drleqf.o(x$fpl$drleqf)
    _drcmple                                 0x08003b19   Thumb Code   108  drleqf.o(x$fpl$drleqf)
    __aeabi_drsub                            0x08003b85   Thumb Code     0  daddsub_clz.o(x$fpl$drsb)
    _drsb                                    0x08003b85   Thumb Code    22  daddsub_clz.o(x$fpl$drsb)
    _dsqrt                                   0x08003b9d   Thumb Code   456  dsqrt_noumaal.o(x$fpl$dsqrt)
    __aeabi_dsub                             0x08003d69   Thumb Code     0  daddsub_clz.o(x$fpl$dsub)
    _dsub                                    0x08003d69   Thumb Code   464  daddsub_clz.o(x$fpl$dsub)
    __aeabi_f2d                              0x08003f3d   Thumb Code     0  f2d.o(x$fpl$f2d)
    _f2d                                     0x08003f3d   Thumb Code    86  f2d.o(x$fpl$f2d)
    __aeabi_fadd                             0x08003f95   Thumb Code     0  faddsub_clz.o(x$fpl$fadd)
    _fadd                                    0x08003f95   Thumb Code   196  faddsub_clz.o(x$fpl$fadd)
    __fpl_fcmp_Inf                           0x08004059   Thumb Code    24  fcmpi.o(x$fpl$fcmpinf)
    __aeabi_fdiv                             0x08004071   Thumb Code     0  fdiv.o(x$fpl$fdiv)
    _fdiv                                    0x08004071   Thumb Code   384  fdiv.o(x$fpl$fdiv)
    __aeabi_ui2f                             0x080041f5   Thumb Code     0  fflt_clz.o(x$fpl$ffltu)
    _ffltu                                   0x080041f5   Thumb Code    38  fflt_clz.o(x$fpl$ffltu)
    __aeabi_cfcmple                          0x0800421d   Thumb Code     0  fleqf.o(x$fpl$fleqf)
    _fcmple                                  0x0800421d   Thumb Code   104  fleqf.o(x$fpl$fleqf)
    __fpl_fcmple_InfNaN                      0x0800426f   Thumb Code     0  fleqf.o(x$fpl$fleqf)
    __aeabi_fmul                             0x08004285   Thumb Code     0  fmul.o(x$fpl$fmul)
    _fmul                                    0x08004285   Thumb Code   258  fmul.o(x$fpl$fmul)
    __fpl_fnaninf                            0x08004387   Thumb Code   140  fnaninf.o(x$fpl$fnaninf)
    __fpl_fretinf                            0x08004413   Thumb Code    10  fretinf.o(x$fpl$fretinf)
    __aeabi_cfrcmple                         0x0800441d   Thumb Code     0  frleqf.o(x$fpl$frleqf)
    _frcmple                                 0x0800441d   Thumb Code    98  frleqf.o(x$fpl$frleqf)
    __aeabi_fsub                             0x08004481   Thumb Code     0  faddsub_clz.o(x$fpl$fsub)
    _fsub                                    0x08004481   Thumb Code   234  faddsub_clz.o(x$fpl$fsub)
    __fpl_return_NaN                         0x0800456b   Thumb Code   100  retnan.o(x$fpl$retnan)
    __ARM_scalbn                             0x080045cf   Thumb Code    92  scalbn.o(x$fpl$scalbn)
    __fpl_cmpreturn                          0x0800462b   Thumb Code    48  trapv.o(x$fpl$trapveneer)
    AHBPrescTable                            0x0800465a   Data          16  system_stm32f1xx.o(.constdata)
    __I$use$fp                               0x0800465a   Number         0  usenofp.o(x$fpl$usenofp)
    APBPrescTable                            0x0800466a   Data           8  system_stm32f1xx.o(.constdata)
    __mathlib_zero                           0x08004700   Data           8  qnan.o(.constdata)
    Region$$Table$$Base                      0x08004708   Number         0  anon$$obj.o(Region$$Table)
    Region$$Table$$Limit                     0x08004728   Number         0  anon$$obj.o(Region$$Table)
    __ctype                                  0x08004735   Data           0  lc_ctype_c.o(locale$$data)
    auchCRCLo                                0x20000000   Data         256  crc16.o(.data)
    auchCRCHi                                0x20000100   Data         256  crc16.o(.data)
    TIM1_impulse                             0x20000200   Data           2  etr.o(.data)
    TIM2_impulse                             0x20000202   Data           2  etr.o(.data)
    IN_start_reg                             0x20000204   Data           1  main.o(.data)
    IN_count_reg                             0x20000205   Data           1  main.o(.data)
    lenght_pack_in_master                    0x20000206   Data           1  main.o(.data)
    lenght_pack_out_master                   0x20000207   Data           1  main.o(.data)
    lenght_pack_in_slave                     0x20000208   Data           1  main.o(.data)
    lenght_pack_out_slave                    0x20000209   Data           1  main.o(.data)
    PUSH_Button_DRV1                         0x2000020a   Data           1  main.o(.data)
    PUSH_Button_DRV2                         0x2000020b   Data           1  main.o(.data)
    Enable_Timer_Button_DRV1                 0x2000020c   Data           1  main.o(.data)
    Enable_Timer_Button_DRV2                 0x2000020d   Data           1  main.o(.data)
    Timer_Button_DRV1                        0x2000020e   Data           1  main.o(.data)
    Timer_Button_DRV2                        0x2000020f   Data           1  main.o(.data)
    Enable_Timer                             0x20000210   Data           1  main.o(.data)
    msec                                     0x20000211   Data           1  main.o(.data)
    Enable_count_alarm_drv1                  0x20000212   Data           1  main.o(.data)
    Enable_count_alarm_drv2                  0x20000213   Data           1  main.o(.data)
    Enable_LED_ALARM_DRV1                    0x20000214   Data           1  main.o(.data)
    Enable_LED_ALARM_DRV2                    0x20000215   Data           1  main.o(.data)
    count_alarm_drv1                         0x20000216   Data           2  main.o(.data)
    count_alarm_drv2                         0x20000218   Data           2  main.o(.data)
    Mask_Pack_DRV1                           0x2000021a   Data           1  main.o(.data)
    Mask_Pack_DRV2                           0x2000021b   Data           1  main.o(.data)
    Enable_Led_Work_DRV1                     0x2000021c   Data           1  main.o(.data)
    Enable_Led_Work_DRV2                     0x2000021d   Data           1  main.o(.data)
    Led_ON                                   0x2000021e   Data           1  main.o(.data)
    Enable_count                             0x2000021f   Data           1  main.o(.data)
    count                                    0x20000220   Data           4  main.o(.data)
    count_led_work                           0x20000224   Data           1  main.o(.data)
    Enable_delay                             0x20000225   Data           1  main.o(.data)
    delay_                                   0x20000226   Data           1  main.o(.data)
    Uadc_1                                   0x20000228   Data           4  main.o(.data)
    Uadc_2                                   0x2000022c   Data           4  main.o(.data)
    R_ptc_1                                  0x20000230   Data           4  main.o(.data)
    R_ptc_2                                  0x20000234   Data           4  main.o(.data)
    DRV1_MAX_RotFreqGen_1                    0x20000238   Data           4  main.o(.data)
    DRV1_MIN_RotFreqGen_1                    0x2000023c   Data           4  main.o(.data)
    DRV1_MAX_RotFreqGen_2                    0x20000240   Data           4  main.o(.data)
    DRV1_MIN_RotFreqGen_2                    0x20000244   Data           4  main.o(.data)
    DRV2_MAX_RotFreqGen_1                    0x20000248   Data           4  main.o(.data)
    DRV2_MIN_RotFreqGen_1                    0x2000024c   Data           4  main.o(.data)
    DRV2_MAX_RotFreqGen_2                    0x20000250   Data           4  main.o(.data)
    DRV2_MIN_RotFreqGen_2                    0x20000254   Data           4  main.o(.data)
    PACK_input_Master                        0x20000258   Data           4  main.o(.data)
    PACK_input_Slave                         0x2000025c   Data           4  main.o(.data)
    id_next_device                           0x20000260   Data           1  main.o(.data)
    Enable_USART1_Send                       0x20000261   Data           1  main.o(.data)
    ADC_VALUE_Chanel                         0x20000262   Data           4  main.o(.data)
    addr_slave                               0x20000268   Data           1  modbusrtu.o(.data)
    crc_result                               0x20000269   Data           1  modbusrtu.o(.data)
    buff_hol_reg                             0x2000026c   Data           4  modbusrtu.o(.data)
    buff_in_reg                              0x20000270   Data           4  modbusrtu.o(.data)
    U1_len_pack_out                          0x20000274   Data           1  usart.o(.data)
    U1_len_pack_in                           0x20000275   Data           1  usart.o(.data)
    U3_len_pack_out                          0x20000276   Data           1  usart.o(.data)
    U3_len_pack_in                           0x20000277   Data           1  usart.o(.data)
    U1_status                                0x20000278   Data           1  usart.o(.data)
    USART1_PACK_out                          0x2000027c   Data           4  usart.o(.data)
    U1_j                                     0x20000280   Data           1  usart.o(.data)
    U3_status                                0x20000281   Data           1  usart.o(.data)
    USART3_PACK_out                          0x20000284   Data           4  usart.o(.data)
    U3_j                                     0x20000288   Data           1  usart.o(.data)
    DR                                       0x2000028c   Data           4  usart.o(.data)
    SR                                       0x20000290   Data           4  usart.o(.data)
    oven_crc_result                          0x20000294   Data           1  oven.o(.data)
    flow_meter                               0x20000298   Data           4  oven.o(.data)
    addr_si8                                 0x2000029c   Data           1  oven.o(.data)
    status_si8                               0x2000029d   Data           1  oven.o(.data)
    data                                     0x200002a0   Data           4  oven.o(.data)
    crc                                      0x200002a4   Data           2  oven.o(.data)
    c                                        0x200002a6   Data           2  oven.o(.data)
    SystemCoreClock                          0x200002a8   Data           4  system_stm32f1xx.o(.data)
    PACK_out_Master                          0x200002ac   Data          50  main.o(.bss)
    PACK_out_Slave                           0x200002de   Data          50  main.o(.bss)
    INPUT                                    0x20000310   Data          72  main.o(.bss)
    HOLDING                                  0x20000358   Data          48  main.o(.bss)
    USART1_PACK_in                           0x20000388   Data          50  usart.o(.bss)
    USART3_PACK_in                           0x200003ba   Data          50  usart.o(.bss)
    v                                        0x200003ec   Data          10  oven.o(.bss)
    __libspace_start                         0x200003f8   Data          96  libspace.o(.bss)
    __temporary_stack_top$libspace           0x20000458   Data           0  libspace.o(.bss)



==============================================================================

Memory Map of the image

  Image Entry point : 0x08000135

  Load Region LR_IROM1 (Base: 0x08000000, Size: 0x00004ae4, Max: 0x00020000, ABSOLUTE, COMPRESSED[0x0000496c])

    Execution Region ER_IROM1 (Base: 0x08000000, Size: 0x00004838, Max: 0x00020000, ABSOLUTE)

    Base Addr    Size         Type   Attr      Idx    E Section Name        Object

    0x08000000   0x00000134   Data   RO          488    RESET               startup_stm32f100xe.o
    0x08000134   0x00000008   Code   RO          526  * !!!main             c_w.l(__main.o)
    0x0800013c   0x00000034   Code   RO          797    !!!scatter          c_w.l(__scatter.o)
    0x08000170   0x0000005a   Code   RO          795    !!dczerorl2         c_w.l(__dczerorl2.o)
    0x080001ca   0x00000002   PAD
    0x080001cc   0x0000001c   Code   RO          799    !!handler_zi        c_w.l(__scatter_zi.o)
    0x080001e8   0x00000002   Code   RO          667    .ARM.Collect$$libinit$$00000000  c_w.l(libinit.o)
    0x080001ea   0x00000000   Code   RO          669    .ARM.Collect$$libinit$$00000002  c_w.l(libinit2.o)
    0x080001ea   0x00000000   Code   RO          672    .ARM.Collect$$libinit$$00000008  c_w.l(libinit2.o)
    0x080001ea   0x00000000   Code   RO          674    .ARM.Collect$$libinit$$0000000A  c_w.l(libinit2.o)
    0x080001ea   0x00000000   Code   RO          676    .ARM.Collect$$libinit$$0000000C  c_w.l(libinit2.o)
    0x080001ea   0x00000006   Code   RO          677    .ARM.Collect$$libinit$$0000000D  c_w.l(libinit2.o)
    0x080001f0   0x00000000   Code   RO          679    .ARM.Collect$$libinit$$0000000F  c_w.l(libinit2.o)
    0x080001f0   0x0000000c   Code   RO          680    .ARM.Collect$$libinit$$00000010  c_w.l(libinit2.o)
    0x080001fc   0x00000000   Code   RO          681    .ARM.Collect$$libinit$$00000011  c_w.l(libinit2.o)
    0x080001fc   0x00000000   Code   RO          683    .ARM.Collect$$libinit$$00000013  c_w.l(libinit2.o)
    0x080001fc   0x00000000   Code   RO          685    .ARM.Collect$$libinit$$00000015  c_w.l(libinit2.o)
    0x080001fc   0x00000000   Code   RO          687    .ARM.Collect$$libinit$$00000017  c_w.l(libinit2.o)
    0x080001fc   0x00000000   Code   RO          689    .ARM.Collect$$libinit$$00000019  c_w.l(libinit2.o)
    0x080001fc   0x00000000   Code   RO          691    .ARM.Collect$$libinit$$0000001B  c_w.l(libinit2.o)
    0x080001fc   0x00000000   Code   RO          693    .ARM.Collect$$libinit$$0000001D  c_w.l(libinit2.o)
    0x080001fc   0x00000000   Code   RO          695    .ARM.Collect$$libinit$$0000001F  c_w.l(libinit2.o)
    0x080001fc   0x00000000   Code   RO          697    .ARM.Collect$$libinit$$00000021  c_w.l(libinit2.o)
    0x080001fc   0x00000000   Code   RO          699    .ARM.Collect$$libinit$$00000023  c_w.l(libinit2.o)
    0x080001fc   0x00000000   Code   RO          703    .ARM.Collect$$libinit$$0000002A  c_w.l(libinit2.o)
    0x080001fc   0x00000000   Code   RO          705    .ARM.Collect$$libinit$$0000002C  c_w.l(libinit2.o)
    0x080001fc   0x00000000   Code   RO          707    .ARM.Collect$$libinit$$0000002E  c_w.l(libinit2.o)
    0x080001fc   0x00000000   Code   RO          709    .ARM.Collect$$libinit$$00000030  c_w.l(libinit2.o)
    0x080001fc   0x00000002   Code   RO          710    .ARM.Collect$$libinit$$00000031  c_w.l(libinit2.o)
    0x080001fe   0x00000002   Code   RO          744    .ARM.Collect$$libshutdown$$00000000  c_w.l(libshutdown.o)
    0x08000200   0x00000000   Code   RO          756    .ARM.Collect$$libshutdown$$00000003  c_w.l(libshutdown2.o)
    0x08000200   0x00000000   Code   RO          759    .ARM.Collect$$libshutdown$$00000006  c_w.l(libshutdown2.o)
    0x08000200   0x00000000   Code   RO          762    .ARM.Collect$$libshutdown$$00000009  c_w.l(libshutdown2.o)
    0x08000200   0x00000000   Code   RO          764    .ARM.Collect$$libshutdown$$0000000B  c_w.l(libshutdown2.o)
    0x08000200   0x00000000   Code   RO          767    .ARM.Collect$$libshutdown$$0000000E  c_w.l(libshutdown2.o)
    0x08000200   0x00000002   Code   RO          768    .ARM.Collect$$libshutdown$$0000000F  c_w.l(libshutdown2.o)
    0x08000202   0x00000000   Code   RO          590    .ARM.Collect$$rtentry$$00000000  c_w.l(rtentry.o)
    0x08000202   0x00000000   Code   RO          622    .ARM.Collect$$rtentry$$00000002  c_w.l(rtentry2.o)
    0x08000202   0x00000006   Code   RO          634    .ARM.Collect$$rtentry$$00000004  c_w.l(rtentry4.o)
    0x08000208   0x00000000   Code   RO          624    .ARM.Collect$$rtentry$$00000009  c_w.l(rtentry2.o)
    0x08000208   0x00000004   Code   RO          625    .ARM.Collect$$rtentry$$0000000A  c_w.l(rtentry2.o)
    0x0800020c   0x00000000   Code   RO          627    .ARM.Collect$$rtentry$$0000000C  c_w.l(rtentry2.o)
    0x0800020c   0x00000008   Code   RO          628    .ARM.Collect$$rtentry$$0000000D  c_w.l(rtentry2.o)
    0x08000214   0x00000002   Code   RO          713    .ARM.Collect$$rtexit$$00000000  c_w.l(rtexit.o)
    0x08000216   0x00000000   Code   RO          722    .ARM.Collect$$rtexit$$00000002  c_w.l(rtexit2.o)
    0x08000216   0x00000004   Code   RO          723    .ARM.Collect$$rtexit$$00000003  c_w.l(rtexit2.o)
    0x0800021a   0x00000006   Code   RO          724    .ARM.Collect$$rtexit$$00000004  c_w.l(rtexit2.o)
    0x08000220   0x0000017c   Code   RO            3    .text               adc.o
    0x0800039c   0x00000024   Code   RO           49    .text               afio.o
    0x080003c0   0x00000038   Code   RO           83    .text               crc16.o
    0x080003f8   0x00000074   Code   RO          109    .text               dma.o
    0x0800046c   0x000001a8   Code   RO          132    .text               etr.o
    0x08000614   0x000000a4   Code   RO          185    .text               flash.o
    0x080006b8   0x000001e0   Code   RO          208    .text               gpio.o
    0x08000898   0x00000028   Code   RO          234    .text               iwdg.o
    0x080008c0   0x000010ac   Code   RO          257    .text               main.o
    0x0800196c   0x000002dc   Code   RO          324    .text               modbusrtu.o
    0x08001c48   0x000000d4   Code   RO          350    .text               rcc.o
    0x08001d1c   0x00000044   Code   RO          384    .text               tim.o
    0x08001d60   0x000003ac   Code   RO          407    .text               usart.o
    0x0800210c   0x00000500   Code   RO          461    .text               oven.o
    0x0800260c   0x00000040   Code   RO          489    .text               startup_stm32f100xe.o
    0x0800264c   0x000000f4   Code   RO          495    .text               system_stm32f1xx.o
    0x08002740   0x0000001e   Code   RO          522    .text               c_w.l(toupper.o)
    0x0800275e   0x00000006   Code   RO          524    .text               c_w.l(heapauxi.o)
    0x08002764   0x00000010   Code   RO          591    .text               c_w.l(rt_ctype_table.o)
    0x08002774   0x00000016   Code   RO          593    .text               c_w.l(_rserrno.o)
    0x0800278a   0x00000002   PAD
    0x0800278c   0x00000008   Code   RO          639    .text               c_w.l(rt_locale_intlibspace.o)
    0x08002794   0x00000008   Code   RO          644    .text               c_w.l(rt_errno_addr_intlibspace.o)
    0x0800279c   0x00000008   Code   RO          653    .text               c_w.l(libspace.o)
    0x080027a4   0x0000004a   Code   RO          656    .text               c_w.l(sys_stackheap_outer.o)
    0x080027ee   0x0000000c   Code   RO          658    .text               c_w.l(exit.o)
    0x080027fa   0x00000002   PAD
    0x080027fc   0x00000080   Code   RO          660    .text               c_w.l(strcmpv7m.o)
    0x0800287c   0x0000000c   Code   RO          734    .text               c_w.l(sys_exit.o)
    0x08002888   0x00000002   Code   RO          745    .text               c_w.l(use_no_semi.o)
    0x0800288a   0x00000000   Code   RO          747    .text               c_w.l(indicate_semi.o)
    0x0800288a   0x00000028   Code   RO          616    i.__ARM_fpclassify  m_ws.l(fpclassify.o)
    0x080028b2   0x000000aa   Code   RO          618    i.__kernel_poly     m_ws.l(poly.o)
    0x0800295c   0x00000010   Code   RO          614    i.__mathlib_dbl_underflow  m_ws.l(dunder.o)
    0x0800296c   0x000009e0   Code   RO          573    i.pow               m_ws.l(pow.o)
    0x0800334c   0x0000004c   Code   RO          583    i.sqrt              m_ws.l(sqrt.o)
    0x08003398   0x0000002c   Code   RO          647    locale$$code        c_w.l(lc_ctype_c.o)
    0x080033c4   0x00000062   Code   RO          528    x$fpl$d2f           fz_ws.l(d2f.o)
    0x08003426   0x00000002   PAD
    0x08003428   0x00000150   Code   RO          530    x$fpl$dadd          fz_ws.l(daddsub_clz.o)
    0x08003578   0x00000010   Code   RO          649    x$fpl$dcheck1       fz_ws.l(dcheck1.o)
    0x08003588   0x00000018   Code   RO          651    x$fpl$dcmpinf       fz_ws.l(dcmpi.o)
    0x080035a0   0x000002b0   Code   RO          537    x$fpl$ddiv          fz_ws.l(ddiv.o)
    0x08003850   0x0000002e   Code   RO          541    x$fpl$dflt          fz_ws.l(dflt_clz.o)
    0x0800387e   0x00000026   Code   RO          540    x$fpl$dfltu         fz_ws.l(dflt_clz.o)
    0x080038a4   0x00000078   Code   RO          595    x$fpl$dleqf         fz_ws.l(dleqf.o)
    0x0800391c   0x00000154   Code   RO          546    x$fpl$dmul          fz_ws.l(dmul.o)
    0x08003a70   0x0000009c   Code   RO          597    x$fpl$dnaninf       fz_ws.l(dnaninf.o)
    0x08003b0c   0x0000000c   Code   RO          599    x$fpl$dretinf       fz_ws.l(dretinf.o)
    0x08003b18   0x0000006c   Code   RO          601    x$fpl$drleqf        fz_ws.l(drleqf.o)
    0x08003b84   0x00000016   Code   RO          531    x$fpl$drsb          fz_ws.l(daddsub_clz.o)
    0x08003b9a   0x00000002   PAD
    0x08003b9c   0x000001cc   Code   RO          603    x$fpl$dsqrt         fz_ws.l(dsqrt_noumaal.o)
    0x08003d68   0x000001d4   Code   RO          532    x$fpl$dsub          fz_ws.l(daddsub_clz.o)
    0x08003f3c   0x00000056   Code   RO          548    x$fpl$f2d           fz_ws.l(f2d.o)
    0x08003f92   0x00000002   PAD
    0x08003f94   0x000000c4   Code   RO          550    x$fpl$fadd          fz_ws.l(faddsub_clz.o)
    0x08004058   0x00000018   Code   RO          605    x$fpl$fcmpinf       fz_ws.l(fcmpi.o)
    0x08004070   0x00000184   Code   RO          557    x$fpl$fdiv          fz_ws.l(fdiv.o)
    0x080041f4   0x00000026   Code   RO          560    x$fpl$ffltu         fz_ws.l(fflt_clz.o)
    0x0800421a   0x00000002   PAD
    0x0800421c   0x00000068   Code   RO          566    x$fpl$fleqf         fz_ws.l(fleqf.o)
    0x08004284   0x00000102   Code   RO          568    x$fpl$fmul          fz_ws.l(fmul.o)
    0x08004386   0x0000008c   Code   RO          607    x$fpl$fnaninf       fz_ws.l(fnaninf.o)
    0x08004412   0x0000000a   Code   RO          609    x$fpl$fretinf       fz_ws.l(fretinf.o)
    0x0800441c   0x00000062   Code   RO          570    x$fpl$frleqf        fz_ws.l(frleqf.o)
    0x0800447e   0x00000002   PAD
    0x08004480   0x000000ea   Code   RO          552    x$fpl$fsub          fz_ws.l(faddsub_clz.o)
    0x0800456a   0x00000064   Code   RO          711    x$fpl$retnan        fz_ws.l(retnan.o)
    0x080045ce   0x0000005c   Code   RO          611    x$fpl$scalbn        fz_ws.l(scalbn.o)
    0x0800462a   0x00000030   Code   RO          719    x$fpl$trapveneer    fz_ws.l(trapv.o)
    0x0800465a   0x00000000   Code   RO          613    x$fpl$usenofp       fz_ws.l(usenofp.o)
    0x0800465a   0x00000018   Data   RO          496    .constdata          system_stm32f1xx.o
    0x08004672   0x00000006   PAD
    0x08004678   0x00000088   Data   RO          574    .constdata          m_ws.l(pow.o)
    0x08004700   0x00000008   Data   RO          620    .constdata          m_ws.l(qnan.o)
    0x08004708   0x00000020   Data   RO          793    Region$$Table       anon$$obj.o
    0x08004728   0x00000110   Data   RO          646    locale$$data        c_w.l(lc_ctype_c.o)


    Execution Region RW_IRAM1 (Base: 0x20000000, Size: 0x00000a58, Max: 0x00005000, ABSOLUTE, COMPRESSED[0x00000134])

    Base Addr    Size         Type   Attr      Idx    E Section Name        Object

    0x20000000   0x00000200   Data   RW           84    .data               crc16.o
    0x20000200   0x00000004   Data   RW          133    .data               etr.o
    0x20000204   0x00000062   Data   RW          259    .data               main.o
    0x20000266   0x00000002   PAD
    0x20000268   0x0000000c   Data   RW          325    .data               modbusrtu.o
    0x20000274   0x00000020   Data   RW          409    .data               usart.o
    0x20000294   0x00000014   Data   RW          463    .data               oven.o
    0x200002a8   0x00000004   Data   RW          497    .data               system_stm32f1xx.o
    0x200002ac   0x000000dc   Zero   RW          258    .bss                main.o
    0x20000388   0x00000064   Zero   RW          408    .bss                usart.o
    0x200003ec   0x0000000a   Zero   RW          462    .bss                oven.o
    0x200003f6   0x00000002   PAD
    0x200003f8   0x00000060   Zero   RW          654    .bss                c_w.l(libspace.o)
    0x20000458   0x00000200   Zero   RW          487    HEAP                startup_stm32f100xe.o
    0x20000658   0x00000400   Zero   RW          486    STACK               startup_stm32f100xe.o


==============================================================================

Image component sizes


      Code (inc. data)   RO Data    RW Data    ZI Data      Debug   Object Name

       380         22          0          0          0     394443   adc.o
        36          6          0          0          0     389320   afio.o
        56          8          0        512          0       1122   crc16.o
       116          8          0          0          0        743   dma.o
       424         18          0          4          0      23176   etr.o
       164         12          0          0          0       1070   flash.o
       480         18          0          0          0        536   gpio.o
        40          4          0          0          0        451   iwdg.o
      4268        412          0         98        220      28348   main.o
       732         18          0         12          0       3941   modbusrtu.o
      1280        126          0         20         10       4108   oven.o
       212         10          0          0          0        431   rcc.o
        64         26        308          0       1536        808   startup_stm32f100xe.o
       244         32         24          4          0       1549   system_stm32f1xx.o
        68          6          0          0          0        468   tim.o
       940         68          0         32        100       3522   usart.o

    ----------------------------------------------------------------------
      9504        794        370        684       1868     854036   Object Totals
         0          0         32          0          0          0   (incl. Generated)
         0          0          6          2          2          0   (incl. Padding)

    ----------------------------------------------------------------------

      Code (inc. data)   RO Data    RW Data    ZI Data      Debug   Library Member Name

        90          0          0          0          0          0   __dczerorl2.o
         8          0          0          0          0         68   __main.o
        52          8          0          0          0          0   __scatter.o
        28          0          0          0          0          0   __scatter_zi.o
        22          0          0          0          0        100   _rserrno.o
        12          0          0          0          0         72   exit.o
         6          0          0          0          0        152   heapauxi.o
         0          0          0          0          0          0   indicate_semi.o
        44         10        272          0          0         76   lc_ctype_c.o
         2          0          0          0          0          0   libinit.o
        20          0          0          0          0          0   libinit2.o
         2          0          0          0          0          0   libshutdown.o
         2          0          0          0          0          0   libshutdown2.o
         8          4          0          0         96         68   libspace.o
        16          4          0          0          0         76   rt_ctype_table.o
         8          4          0          0          0         68   rt_errno_addr_intlibspace.o
         8          4          0          0          0         68   rt_locale_intlibspace.o
         0          0          0          0          0          0   rtentry.o
        12          0          0          0          0          0   rtentry2.o
         6          0          0          0          0          0   rtentry4.o
         2          0          0          0          0          0   rtexit.o
        10          0          0          0          0          0   rtexit2.o
       128          0          0          0          0         68   strcmpv7m.o
        12          4          0          0          0         68   sys_exit.o
        74          0          0          0          0         80   sys_stackheap_outer.o
        30          0          0          0          0         76   toupper.o
         2          0          0          0          0         68   use_no_semi.o
        98          4          0          0          0         92   d2f.o
       826         16          0          0          0        348   daddsub_clz.o
        16          4          0          0          0         68   dcheck1.o
        24          0          0          0          0         68   dcmpi.o
       688        140          0          0          0        208   ddiv.o
        84          0          0          0          0        136   dflt_clz.o
       120          4          0          0          0         92   dleqf.o
       340         12          0          0          0        104   dmul.o
       156          4          0          0          0         92   dnaninf.o
        12          0          0          0          0         68   dretinf.o
       108          0          0          0          0         80   drleqf.o
       460         56          0          0          0        120   dsqrt_noumaal.o
        86          4          0          0          0         84   f2d.o
       430          8          0          0          0        168   faddsub_clz.o
        24          0          0          0          0         68   fcmpi.o
       388         76          0          0          0         96   fdiv.o
        38          0          0          0          0         68   fflt_clz.o
       104          4          0          0          0         84   fleqf.o
       258          4          0          0          0         84   fmul.o
       140          4          0          0          0         84   fnaninf.o
        10          0          0          0          0         68   fretinf.o
        98          0          0          0          0         68   frleqf.o
       100          0          0          0          0         68   retnan.o
        92          0          0          0          0         68   scalbn.o
        48          0          0          0          0         68   trapv.o
         0          0          0          0          0          0   usenofp.o
        16          6          0          0          0         68   dunder.o
        40          0          0          0          0         68   fpclassify.o
       170          0          0          0          0         96   poly.o
      2528        190        136          0          0        332   pow.o
         0          0          8          0          0          0   qnan.o
        76          0          0          0          0         84   sqrt.o

    ----------------------------------------------------------------------
      8198        574        416          0         96       4308   Library Totals
        16          0          0          0          0          0   (incl. Padding)

    ----------------------------------------------------------------------

      Code (inc. data)   RO Data    RW Data    ZI Data      Debug   Library Name

       604         38        272          0         96       1108   c_w.l
      4748        340          0          0          0       2552   fz_ws.l
      2830        196        144          0          0        648   m_ws.l

    ----------------------------------------------------------------------
      8198        574        416          0         96       4308   Library Totals

    ----------------------------------------------------------------------

==============================================================================


      Code (inc. data)   RO Data    RW Data    ZI Data      Debug   

     17702       1368        786        684       1964     854496   Grand Totals
     17702       1368        786        308       1964     854496   ELF Image Totals (compressed)
     17702       1368        786        308          0          0   ROM Totals

==============================================================================

    Total RO  Size (Code + RO Data)                18488 (  18.05kB)
    Total RW  Size (RW Data + ZI Data)              2648 (   2.59kB)
    Total ROM Size (Code + RO Data + RW Data)      18796 (  18.36kB)

==============================================================================

